
R version 3.3.1 (2016-06-21) -- "Bug in Your Hair"
Copyright (C) 2016 The R Foundation for Statistical Computing
Platform: x86_64-pc-linux-gnu (64-bit)

R is free software and comes with ABSOLUTELY NO WARRANTY.
You are welcome to redistribute it under certain conditions.
Type 'license()' or 'licence()' for distribution details.

  Natural language support but running in an English locale

R is a collaborative project with many contributors.
Type 'contributors()' for more information and
'citation()' on how to cite R or R packages in publications.

Type 'demo()' for some demos, 'help()' for on-line help, or
'help.start()' for an HTML browser interface to help.
Type 'q()' to quit R.

> rm(list = ls(all.names = TRUE))
> rm(list = objects(all.names = TRUE))
> #dev.off()
> 
> ########################################################################
> ## This script analyzes the income poverty over time. This is similar to
> ## RScript05, with the following differences
> ## 1. This uses Data_forIncPov_v5_newWts.RData
> ## 2. This does not fit log(FPL100)
> ########################################################################
> formatAnovaTableForXtable <- function( anovaTable ){
+   if( class( anovaTable )[1] != 'anova' ){
+     stop( "Argument not an Anova table" )
+   }
+   anovaTableDF <- na.omit( as.data.frame( anovaTable ) )
+   colnames( anovaTableDF ) <- c( "Sum Sq", "Mean Sq", "NumDF", "DenDF", "F.value", "p.value" )
+   anovaTableDF$DenDF <- NULL
+   anovaTableDF <- anovaTableDF[ order( anovaTableDF$`p.value`, decreasing = F ), ]
+   return( anovaTableDF )
+ }
> 
> formatPostHocTables <- function( postHocTable ){
+   postHocTableDF <- as.data.frame( postHocTable$diffs.lsmeans.table )
+   rownames( postHocTableDF ) <- gsub( pattern = Factor, replacement = '', x = rownames( postHocTableDF ) )
+   postHocTableDF$`Factor Levels` <- rownames( postHocTableDF )
+   postHocTableDF <- postHocTableDF[ order( postHocTableDF$`p-value`, decreasing = F ), ]
+   return( postHocTableDF )
+ }
> 
> mergePostHocTables <- function( postHoc1, postHoc2 ){
+ 
+   ttplot1 <- formatPostHocTables( postHocTable = postHoc1 )
+   ttplot2 <- formatPostHocTables( postHocTable = postHoc2 )
+   
+   columnsToMerge <- c( 'Factor Levels', 'Estimate', 'Standard Error', 't-value', 'p-value' )
+   ttplot <- merge( x = ttplot1[,columnsToMerge], y = ttplot2[,columnsToMerge], 
+                    by = 'Factor Levels', all = T )  
+   
+   ttplot <- ttplot[ order( ttplot$`t-value.y`, ttplot$`t-value.x`, decreasing = T ), ]
+   colnames( ttplot ) <- c( 'Factor Levels', 'Est 1', 'Std Err 1', 't1', 'p-value 1', 
+                            'Est 2', 'Std Err 2', 't2', 'p-value 2' )
+   ttplot$t1 <- ttplot$t2 <- NULL
+   
+   return( ttplot )
+ }
> 
> ########################################################################
> ## Run Path definition file                                           ##
> ########################################################################
> PathPrefix <- '~/'
> # PathPrefix <- '/Users/patron/Documents/snandi/'
> RScriptPath <- paste0(PathPrefix, 'Project_Recession/RScripts_Recession/')
> DataPath <- paste0(PathPrefix, 'Project_Recession/Data/data_2015Dec/')
> RDataPath <- paste0(PathPrefix, 'Project_Recession/RData/data_2015Dec/')
> PlotPath <- paste0(PathPrefix, 'Project_Recession/Plots/')
> Filename.Header <- paste0(RScriptPath, 'HeaderFile_Recession.R')
> source(Filename.Header)
Loading required package: foreach

Attaching package: ‘foreach’

The following object is masked from ‘package:chron’:

    times

Loading required package: iterators
Loading required package: parallel

Attaching package: ‘dplyr’

The following objects are masked from ‘package:stats’:

    filter, lag

The following objects are masked from ‘package:base’:

    intersect, setdiff, setequal, union

Loading required package: lattice
Loading required package: survival
Loading required package: Formula

Attaching package: ‘Hmisc’

The following objects are masked from ‘package:dplyr’:

    combine, src, summarize

The following objects are masked from ‘package:base’:

    format.pval, round.POSIXt, trunc.POSIXt, units

Loading required package: Matrix

Attaching package: ‘lmerTest’

The following object is masked from ‘package:lme4’:

    lmer

The following object is masked from ‘package:stats’:

    step


Attaching package: ‘MASS’

The following object is masked from ‘package:dplyr’:

    select

------------------------------------------------------------------------------
You have loaded plyr after dplyr - this is likely to cause problems.
If you need functions from both plyr and dplyr, please load plyr first, then dplyr:
library(plyr); library(dplyr)
------------------------------------------------------------------------------

Attaching package: ‘plyr’

The following objects are masked from ‘package:Hmisc’:

    is.discrete, summarize

The following objects are masked from ‘package:dplyr’:

    arrange, count, desc, failwith, id, mutate, rename, summarise,
    summarize


Attaching package: ‘RFunctionsSN’

The following object is masked from ‘package:dplyr’:

    last

The following object is masked from ‘package:base’:

    mode


Please cite as: 

 Hlavac, Marek (2015). stargazer: Well-Formatted Regression and Summary Statistics Tables.
 R package version 5.2. http://CRAN.R-project.org/package=stargazer 


Attaching package: ‘xtable’

The following objects are masked from ‘package:Hmisc’:

    label, label<-


Attaching package: ‘zoo’

The following objects are masked from ‘package:base’:

    as.Date, as.Date.numeric

> 
> source(paste(RScriptPath, 'fn_Library_Recession.R', sep=''))
> source(paste(RScriptPath, 'plotLSMeans.R', sep=''))
> 
> ########################################################################
> Today <- Sys.Date()
> 
> ########################################################################
> ## load income poverty data
> ########################################################################
> #Filename <- paste0(RDataPath, 'Data_forIncPov_byRace.RData')
> #load(file = Filename)
> 
> ##Filename <- paste0(RDataPath, 'Data_forIncPov.RData')
> ##load(file = Filename)
> Filename <- paste0(RDataPath, 'Data_forIncPov_v5_newWts.RData')
> load(file = Filename)
> 
> Data <- Data_forIncPov
> Data$year <- substr(x = Data$yearqtr, start = 1, stop = 4)
> Data$year <- as.factor(Data$year)
> 
> rm(Data_forIncPov)
> #View(Data[,c('hhid', 'yearqtr', 'thtotinc', 'rhpov', 'adult_disb', 'FPL100_num', 'FPL100_num_Lag')])
> 
> #######################################################################
> ## Mixed Effects Model (MEM) of Income Poverty Ratio
> ########################################################################
> #library(lsmeans)
> 
> Data$wt <- Data$whfnwgt_qtr/1000
> Data$hhid <- as.factor( Data$hhid )
> Data$yearqtrNum <- as.numeric( Data$yearqtr ) 
> ## This is necessary for post hoc test, otherwise it is throwing exception as the 
> ## object not being a matrix, when difflsmeans is called
> 
> time1 <- Sys.time()
> modelFPL100 <- lmerTest::lmer( 
+   FPL100_num ~ 1 + yearqtrNum + gender + ms + race_origin + adult_disb + education + 
+     race_origin:gender + gender:ms + race_origin:ms + race_origin:adult_disb + gender:adult_disb + 
+     ms:adult_disb + gender:ms:adult_disb + adult_disb:yearqtrNum + education:adult_disb + 
+     (1 | hhid), data = Data, weights = wt 
+ )
> 
> # lmerTest::summary( modelFPL100 )
> # lmerTest::anova( modelFPL100 )
> time2 <- Sys.time()
> print( time2 - time1 )
Time difference of 52.08152 secs
> 
> modelFPL100_Anova <- lmerTest::anova( modelFPL100 )
> modelFPL100_Summary <- lmerTest::summary( modelFPL100 )
> print( modelFPL100_Summary )
Linear mixed model fit by REML t-tests use Satterthwaite approximations to
  degrees of freedom [lmerMod]
Formula: 
FPL100_num ~ 1 + yearqtrNum + gender + ms + race_origin + adult_disb +  
    education + race_origin:gender + gender:ms + race_origin:ms +  
    race_origin:adult_disb + gender:adult_disb + ms:adult_disb +  
    gender:ms:adult_disb + adult_disb:yearqtrNum + education:adult_disb +  
    (1 | hhid)
   Data: Data
Weights: wt

REML criterion at convergence: 2494136

Scaled residuals: 
    Min      1Q  Median      3Q     Max 
-20.584  -0.246  -0.028   0.182  39.621 

Random effects:
 Groups   Name        Variance Std.Dev.
 hhid     (Intercept)  7.818   2.796   
 Residual             12.050   3.471   
Number of obs: 570006, groups:  hhid, 33547

Fixed effects:
                                                      Estimate Std. Error
(Intercept)                                          1.063e+02  4.145e+00
yearqtrNum                                          -5.149e-02  2.062e-03
genderFemale                                        -1.349e-01  6.838e-02
msNot married                                       -2.411e-01  5.308e-02
race_originHispanic                                 -1.052e-01  9.053e-02
race_originOthers                                    6.710e-01  1.040e-01
race_originWhite                                     1.096e+00  7.332e-02
adult_disbyes                                       -3.084e+01  8.739e+00
educationSome college, diploma, assoc                5.212e-01  2.856e-02
educationBachelors or higher                         1.871e+00  3.328e-02
genderFemale:race_originHispanic                    -5.168e-02  8.653e-02
genderFemale:race_originOthers                      -3.061e-01  1.077e-01
genderFemale:race_originWhite                       -9.681e-02  6.838e-02
genderFemale:msNot married                          -5.514e-01  3.662e-02
msNot married:race_originHispanic                    3.489e-01  6.358e-02
msNot married:race_originOthers                     -4.938e-02  8.236e-02
msNot married:race_originWhite                      -2.358e-01  5.135e-02
race_originHispanic:adult_disbyes                    6.302e-02  1.331e-01
race_originOthers:adult_disbyes                      7.635e-02  1.453e-01
race_originWhite:adult_disbyes                      -5.337e-02  9.891e-02
genderFemale:adult_disbyes                           1.406e-01  6.353e-02
msNot married:adult_disbyes                         -8.641e-02  5.521e-02
yearqtrNum:adult_disbyes                             1.510e-02  4.347e-03
adult_disbyes:educationSome college, diploma, assoc -1.016e-01  5.683e-02
adult_disbyes:educationBachelors or higher          -2.145e-01  7.207e-02
genderFemale:msNot married:adult_disbyes             1.654e-01  7.620e-02
                                                            df t value Pr(>|t|)
(Intercept)                                          5.412e+05  25.647  < 2e-16
yearqtrNum                                           5.412e+05 -24.975  < 2e-16
genderFemale                                         1.681e+05  -1.972 0.048603
msNot married                                        3.804e+05  -4.542 5.58e-06
race_originHispanic                                  9.292e+04  -1.162 0.245343
race_originOthers                                    8.832e+04   6.453 1.10e-10
race_originWhite                                     8.337e+04  14.942  < 2e-16
adult_disbyes                                        5.413e+05  -3.529 0.000417
educationSome college, diploma, assoc                1.616e+05  18.250  < 2e-16
educationBachelors or higher                         1.049e+05  56.216  < 2e-16
genderFemale:race_originHispanic                     1.973e+05  -0.597 0.550329
genderFemale:race_originOthers                       1.478e+05  -2.843 0.004469
genderFemale:race_originWhite                        1.540e+05  -1.416 0.156852
genderFemale:msNot married                           3.590e+05 -15.057  < 2e-16
msNot married:race_originHispanic                    4.363e+05   5.488 4.08e-08
msNot married:race_originOthers                      3.458e+05  -0.600 0.548837
msNot married:race_originWhite                       3.820e+05  -4.593 4.38e-06
race_originHispanic:adult_disbyes                    5.669e+04   0.473 0.635910
race_originOthers:adult_disbyes                      6.335e+04   0.526 0.599188
race_originWhite:adult_disbyes                       4.748e+04  -0.540 0.589520
genderFemale:adult_disbyes                           1.833e+05   2.213 0.026865
msNot married:adult_disbyes                          3.887e+05  -1.565 0.117580
yearqtrNum:adult_disbyes                             5.413e+05   3.475 0.000512
adult_disbyes:educationSome college, diploma, assoc  1.531e+05  -1.787 0.073861
adult_disbyes:educationBachelors or higher           1.166e+05  -2.976 0.002918
genderFemale:msNot married:adult_disbyes             3.547e+05   2.171 0.029950
                                                       
(Intercept)                                         ***
yearqtrNum                                          ***
genderFemale                                        *  
msNot married                                       ***
race_originHispanic                                    
race_originOthers                                   ***
race_originWhite                                    ***
adult_disbyes                                       ***
educationSome college, diploma, assoc               ***
educationBachelors or higher                        ***
genderFemale:race_originHispanic                       
genderFemale:race_originOthers                      ** 
genderFemale:race_originWhite                          
genderFemale:msNot married                          ***
msNot married:race_originHispanic                   ***
msNot married:race_originOthers                        
msNot married:race_originWhite                      ***
race_originHispanic:adult_disbyes                      
race_originOthers:adult_disbyes                        
race_originWhite:adult_disbyes                         
genderFemale:adult_disbyes                          *  
msNot married:adult_disbyes                            
yearqtrNum:adult_disbyes                            ***
adult_disbyes:educationSome college, diploma, assoc .  
adult_disbyes:educationBachelors or higher          ** 
genderFemale:msNot married:adult_disbyes            *  
---
Signif. codes:  0 ‘***’ 0.001 ‘**’ 0.01 ‘*’ 0.05 ‘.’ 0.1 ‘ ’ 1

Correlation matrix not shown by default, as p = 26 > 12.
Use print(modelFPL100_Summary, correlation=TRUE)  or
	 vcov(modelFPL100_Summary)	 if you need it

> 
> modelFPL100_AnovaDF <- formatAnovaTableForXtable( anovaTable = modelFPL100_Anova )
> print( xtable( modelFPL100_AnovaDF, digits = c( 0, 2, 2, 0, 2, 4 ) , 
+        caption = "Model 1: FPL100 vs demographic factors, time and disability", 
+        floating = TRUE, latex.environments = "center"
+ ) )
% latex table generated in R 3.3.1 by xtable 1.8-2 package
% Wed Mar  8 11:16:09 2017
\begin{table}[ht]
\centering
\begin{tabular}{rrrrrr}
  \hline
 & Sum Sq & Mean Sq & NumDF & F.value & p.value \\ 
  \hline
race\_origin & 5752.68 & 2876.34 & 3 & 238.71 & 0.0000 \\ 
  education & 29404.45 & 14702.22 & 2 & 1220.14 & 0.0000 \\ 
  gender:ms & 1813.16 & 1813.16 & 1 & 150.47 & 0.0000 \\ 
  ms:race\_origin & 2070.73 & 690.24 & 3 & 57.28 & 0.0000 \\ 
  gender:adult\_disb & 237.05 & 237.05 & 1 & 19.67 & 0.0000 \\ 
  yearqtrNum & 145.47 & 145.47 & 1 & 12.07 & 0.0005 \\ 
  yearqtrNum:adult\_disb & 145.47 & 145.47 & 1 & 12.07 & 0.0005 \\ 
  adult\_disb:education & 109.34 & 54.67 & 2 & 4.54 & 0.0107 \\ 
  gender:ms:adult\_disb & 56.78 & 56.78 & 1 & 4.71 & 0.0299 \\ 
  gender:race\_origin & 104.06 & 34.69 & 3 & 2.88 & 0.0345 \\ 
  race\_origin:adult\_disb & 26.90 & 8.97 & 3 & 0.74 & 0.5255 \\ 
  ms:adult\_disb & 0.12 & 0.12 & 1 & 0.01 & 0.9222 \\ 
   \hline
\end{tabular}
\caption{Model 1: FPL100 vs demographic factors, time and disability} 
\end{table}
> 
> #######################################################################
> ## Mixed Effects Model (MEM) of Income Poverty Ratio, controlled for 
> ## Baseline value of FPL100
> ########################################################################
> modelFPL100NoBaseline <- lmerTest::lmer( 
+   FPL100_noBaseline ~ 1 + yearqtrNum + gender + ms + race_origin + adult_disb + education + 
+     race_origin*gender + gender*ms + race_origin*ms + race_origin*adult_disb + gender*adult_disb + 
+     adult_disb*ms + gender*ms*adult_disb + adult_disb*yearqtrNum + education*adult_disb + 
+     (1 | hhid), data = Data, weights = wt
+ )
> 
> modelFPL100NoBaseline_Summary <- lmerTest::summary( modelFPL100NoBaseline )
> print( modelFPL100NoBaseline_Summary )
Linear mixed model fit by REML t-tests use Satterthwaite approximations to
  degrees of freedom [lmerMod]
Formula: FPL100_noBaseline ~ 1 + yearqtrNum + gender + ms + race_origin +  
    adult_disb + education + race_origin * gender + gender *  
    ms + race_origin * ms + race_origin * adult_disb + gender *  
    adult_disb + adult_disb * ms + gender * ms * adult_disb +  
    adult_disb * yearqtrNum + education * adult_disb + (1 | hhid)
   Data: Data
Weights: wt

REML criterion at convergence: 2481777

Scaled residuals: 
    Min      1Q  Median      3Q     Max 
-20.799  -0.239  -0.012   0.186  39.577 

Random effects:
 Groups   Name        Variance Std.Dev.
 hhid     (Intercept)  5.547   2.355   
 Residual             12.020   3.467   
Number of obs: 570006, groups:  hhid, 33547

Fixed effects:
                                                      Estimate Std. Error
(Intercept)                                          1.062e+02  4.136e+00
yearqtrNum                                          -5.275e-02  2.057e-03
genderFemale                                         1.594e-01  6.341e-02
msNot married                                       -1.077e-01  5.087e-02
race_originHispanic                                 -1.048e-01  8.187e-02
race_originOthers                                   -1.355e-01  9.376e-02
race_originWhite                                    -8.250e-03  6.599e-02
adult_disbyes                                       -2.969e+01  8.720e+00
educationSome college, diploma, assoc               -6.491e-02  2.643e-02
educationBachelors or higher                         3.914e-02  3.020e-02
genderFemale:race_originHispanic                    -1.655e-01  8.076e-02
genderFemale:race_originOthers                      -3.795e-01  9.928e-02
genderFemale:race_originWhite                       -1.691e-01  6.316e-02
genderFemale:msNot married                          -3.228e-01  3.501e-02
msNot married:race_originHispanic                    1.470e-01  6.133e-02
msNot married:race_originOthers                      5.791e-02  7.863e-02
msNot married:race_originWhite                      -1.303e-01  4.922e-02
race_originHispanic:adult_disbyes                    1.030e-01  1.170e-01
race_originOthers:adult_disbyes                      1.520e-01  1.285e-01
race_originWhite:adult_disbyes                       4.502e-02  8.603e-02
genderFemale:adult_disbyes                           1.981e-02  5.912e-02
msNot married:adult_disbyes                          1.918e-02  5.297e-02
yearqtrNum:adult_disbyes                             1.472e-02  4.337e-03
adult_disbyes:educationSome college, diploma, assoc  8.905e-02  5.248e-02
adult_disbyes:educationBachelors or higher           3.504e-02  6.573e-02
genderFemale:msNot married:adult_disbyes             7.966e-02  7.282e-02
                                                            df t value Pr(>|t|)
(Intercept)                                          5.440e+05  25.671  < 2e-16
yearqtrNum                                           5.440e+05 -25.640  < 2e-16
genderFemale                                         1.303e+05   2.514 0.011926
msNot married                                        2.992e+05  -2.117 0.034284
race_originHispanic                                  8.292e+04  -1.280 0.200426
race_originOthers                                    7.821e+04  -1.445 0.148497
race_originWhite                                     7.720e+04  -0.125 0.900511
adult_disbyes                                        5.441e+05  -3.405 0.000662
educationSome college, diploma, assoc                1.246e+05  -2.456 0.014058
educationBachelors or higher                         8.450e+04   1.296 0.195015
genderFemale:race_originHispanic                     1.508e+05  -2.049 0.040420
genderFemale:race_originOthers                       1.147e+05  -3.822 0.000132
genderFemale:race_originWhite                        1.192e+05  -2.677 0.007423
genderFemale:msNot married                           2.788e+05  -9.221  < 2e-16
msNot married:race_originHispanic                    3.582e+05   2.397 0.016516
msNot married:race_originOthers                      2.690e+05   0.737 0.461389
msNot married:race_originWhite                       3.009e+05  -2.647 0.008114
race_originHispanic:adult_disbyes                    5.181e+04   0.880 0.378595
race_originOthers:adult_disbyes                      5.688e+04   1.182 0.237081
race_originWhite:adult_disbyes                       4.523e+04   0.523 0.600761
genderFemale:adult_disbyes                           1.414e+05   0.335 0.737621
msNot married:adult_disbyes                          3.081e+05   0.362 0.717276
yearqtrNum:adult_disbyes                             5.441e+05   3.394 0.000689
adult_disbyes:educationSome college, diploma, assoc  1.184e+05   1.697 0.089706
adult_disbyes:educationBachelors or higher           9.266e+04   0.533 0.594018
genderFemale:msNot married:adult_disbyes             2.761e+05   1.094 0.274004
                                                       
(Intercept)                                         ***
yearqtrNum                                          ***
genderFemale                                        *  
msNot married                                       *  
race_originHispanic                                    
race_originOthers                                      
race_originWhite                                       
adult_disbyes                                       ***
educationSome college, diploma, assoc               *  
educationBachelors or higher                           
genderFemale:race_originHispanic                    *  
genderFemale:race_originOthers                      ***
genderFemale:race_originWhite                       ** 
genderFemale:msNot married                          ***
msNot married:race_originHispanic                   *  
msNot married:race_originOthers                        
msNot married:race_originWhite                      ** 
race_originHispanic:adult_disbyes                      
race_originOthers:adult_disbyes                        
race_originWhite:adult_disbyes                         
genderFemale:adult_disbyes                             
msNot married:adult_disbyes                            
yearqtrNum:adult_disbyes                            ***
adult_disbyes:educationSome college, diploma, assoc .  
adult_disbyes:educationBachelors or higher             
genderFemale:msNot married:adult_disbyes               
---
Signif. codes:  0 ‘***’ 0.001 ‘**’ 0.01 ‘*’ 0.05 ‘.’ 0.1 ‘ ’ 1

Correlation matrix not shown by default, as p = 26 > 12.
Use print(modelFPL100NoBaseline_Summary, correlation=TRUE)  or
	 vcov(modelFPL100NoBaseline_Summary)	 if you need it

> modelFPL100NoBaseline_Anova <- lmerTest::anova( modelFPL100NoBaseline )
> 
> time3 <- Sys.time()
> print( time3 - time2 )
Time difference of 33.78636 mins
> 
> modelFPL100NoBaseline_AnovaDF <- formatAnovaTableForXtable( anovaTable = modelFPL100NoBaseline_Anova )
> print( xtable( modelFPL100NoBaseline_AnovaDF, digits = c( 0, 2, 2, 0, 2, 4 ) , 
+                caption = "Model 2: FPL100 vs demographic factors, time and disability \n with baseline differences in FPL100 eliminated", 
+                floating = TRUE, latex.environments = "center"
+ ) )
% latex table generated in R 3.3.1 by xtable 1.8-2 package
% Wed Mar  8 11:33:06 2017
\begin{table}[ht]
\centering
\begin{tabular}{rrrrrr}
  \hline
 & Sum Sq & Mean Sq & NumDF & F.value & p.value \\ 
  \hline
gender:ms & 721.70 & 721.70 & 1 & 60.04 & 0.0000 \\ 
  ms:race\_origin & 556.33 & 185.44 & 3 & 15.43 & 0.0000 \\ 
  yearqtrNum & 138.47 & 138.47 & 1 & 11.52 & 0.0007 \\ 
  yearqtrNum:adult\_disb & 138.47 & 138.47 & 1 & 11.52 & 0.0007 \\ 
  gender:race\_origin & 181.68 & 60.56 & 3 & 5.04 & 0.0017 \\ 
  race\_origin & 151.47 & 75.73 & 3 & 6.30 & 0.0018 \\ 
  education & 72.76 & 36.38 & 2 & 3.03 & 0.0485 \\ 
  ms:adult\_disb & 31.83 & 31.83 & 1 & 2.65 & 0.1037 \\ 
  gender:adult\_disb & 19.75 & 19.75 & 1 & 1.64 & 0.1999 \\ 
  adult\_disb:education & 35.49 & 17.75 & 2 & 1.48 & 0.2285 \\ 
  gender:ms:adult\_disb & 14.38 & 14.38 & 1 & 1.20 & 0.2740 \\ 
  race\_origin:adult\_disb & 21.56 & 7.19 & 3 & 0.60 & 0.6163 \\ 
   \hline
\end{tabular}
\caption{Model 2: FPL100 vs demographic factors, time and disability 
 with baseline differences in FPL100 eliminated} 
\end{table}
> 
> #######################################################################
> ## Print summaries of the two models
> ########################################################################
> # source( paste( RScriptPath, 'stargazer_lme4.R', sep='' ) )
> # stargazer( modelFPL100NoBaseline_Summary$coefficients, modelFPL100_Summary$coefficients, type = 'latex' )
> summaryNoBaseline <- round( modelFPL100NoBaseline_Summary$coefficients[,c("Estimate", "Std. Error", "Pr(>|t|)")], 4 )
> summaryWithBaseline <- round( modelFPL100_Summary$coefficients[,c("Estimate", "Std. Error", "Pr(>|t|)")], 4 )
> 
> print( summaryWithBaseline )
                                                    Estimate Std. Error
(Intercept)                                         106.3204     4.1455
yearqtrNum                                           -0.0515     0.0021
genderFemale                                         -0.1349     0.0684
msNot married                                        -0.2411     0.0531
race_originHispanic                                  -0.1052     0.0905
race_originOthers                                     0.6710     0.1040
race_originWhite                                      1.0956     0.0733
adult_disbyes                                       -30.8394     8.7393
educationSome college, diploma, assoc                 0.5212     0.0286
educationBachelors or higher                          1.8706     0.0333
genderFemale:race_originHispanic                     -0.0517     0.0865
genderFemale:race_originOthers                       -0.3061     0.1077
genderFemale:race_originWhite                        -0.0968     0.0684
genderFemale:msNot married                           -0.5514     0.0366
msNot married:race_originHispanic                     0.3489     0.0636
msNot married:race_originOthers                      -0.0494     0.0824
msNot married:race_originWhite                       -0.2358     0.0513
race_originHispanic:adult_disbyes                     0.0630     0.1331
race_originOthers:adult_disbyes                       0.0764     0.1453
race_originWhite:adult_disbyes                       -0.0534     0.0989
genderFemale:adult_disbyes                            0.1406     0.0635
msNot married:adult_disbyes                          -0.0864     0.0552
yearqtrNum:adult_disbyes                              0.0151     0.0043
adult_disbyes:educationSome college, diploma, assoc  -0.1016     0.0568
adult_disbyes:educationBachelors or higher           -0.2145     0.0721
genderFemale:msNot married:adult_disbyes              0.1654     0.0762
                                                    Pr(>|t|)
(Intercept)                                           0.0000
yearqtrNum                                            0.0000
genderFemale                                          0.0486
msNot married                                         0.0000
race_originHispanic                                   0.2453
race_originOthers                                     0.0000
race_originWhite                                      0.0000
adult_disbyes                                         0.0004
educationSome college, diploma, assoc                 0.0000
educationBachelors or higher                          0.0000
genderFemale:race_originHispanic                      0.5503
genderFemale:race_originOthers                        0.0045
genderFemale:race_originWhite                         0.1569
genderFemale:msNot married                            0.0000
msNot married:race_originHispanic                     0.0000
msNot married:race_originOthers                       0.5488
msNot married:race_originWhite                        0.0000
race_originHispanic:adult_disbyes                     0.6359
race_originOthers:adult_disbyes                       0.5992
race_originWhite:adult_disbyes                        0.5895
genderFemale:adult_disbyes                            0.0269
msNot married:adult_disbyes                           0.1176
yearqtrNum:adult_disbyes                              0.0005
adult_disbyes:educationSome college, diploma, assoc   0.0739
adult_disbyes:educationBachelors or higher            0.0029
genderFemale:msNot married:adult_disbyes              0.0299
> 
> print( summaryNoBaseline )
                                                    Estimate Std. Error
(Intercept)                                         106.1802     4.1361
yearqtrNum                                           -0.0527     0.0021
genderFemale                                          0.1594     0.0634
msNot married                                        -0.1077     0.0509
race_originHispanic                                  -0.1048     0.0819
race_originOthers                                    -0.1355     0.0938
race_originWhite                                     -0.0083     0.0660
adult_disbyes                                       -29.6874     8.7195
educationSome college, diploma, assoc                -0.0649     0.0264
educationBachelors or higher                          0.0391     0.0302
genderFemale:race_originHispanic                     -0.1655     0.0808
genderFemale:race_originOthers                       -0.3795     0.0993
genderFemale:race_originWhite                        -0.1691     0.0632
genderFemale:msNot married                           -0.3228     0.0350
msNot married:race_originHispanic                     0.1470     0.0613
msNot married:race_originOthers                       0.0579     0.0786
msNot married:race_originWhite                       -0.1303     0.0492
race_originHispanic:adult_disbyes                     0.1030     0.1170
race_originOthers:adult_disbyes                       0.1520     0.1285
race_originWhite:adult_disbyes                        0.0450     0.0860
genderFemale:adult_disbyes                            0.0198     0.0591
msNot married:adult_disbyes                           0.0192     0.0530
yearqtrNum:adult_disbyes                              0.0147     0.0043
adult_disbyes:educationSome college, diploma, assoc   0.0891     0.0525
adult_disbyes:educationBachelors or higher            0.0350     0.0657
genderFemale:msNot married:adult_disbyes              0.0797     0.0728
                                                    Pr(>|t|)
(Intercept)                                           0.0000
yearqtrNum                                            0.0000
genderFemale                                          0.0119
msNot married                                         0.0343
race_originHispanic                                   0.2004
race_originOthers                                     0.1485
race_originWhite                                      0.9005
adult_disbyes                                         0.0007
educationSome college, diploma, assoc                 0.0141
educationBachelors or higher                          0.1950
genderFemale:race_originHispanic                      0.0404
genderFemale:race_originOthers                        0.0001
genderFemale:race_originWhite                         0.0074
genderFemale:msNot married                            0.0000
msNot married:race_originHispanic                     0.0165
msNot married:race_originOthers                       0.4614
msNot married:race_originWhite                        0.0081
race_originHispanic:adult_disbyes                     0.3786
race_originOthers:adult_disbyes                       0.2371
race_originWhite:adult_disbyes                        0.6008
genderFemale:adult_disbyes                            0.7376
msNot married:adult_disbyes                           0.7173
yearqtrNum:adult_disbyes                              0.0007
adult_disbyes:educationSome college, diploma, assoc   0.0897
adult_disbyes:educationBachelors or higher            0.5940
genderFemale:msNot married:adult_disbyes              0.2740
> 
> #######################################################################
> ## Model with Disabled only
> ########################################################################
> DataDisb <- subset( Data, adult_disb == "yes" )
> 
> modelFPL100NoBaselineDisab <- lmerTest::lmer( 
+   FPL100_noBaseline ~ 1 + yearqtrNum + gender + ms + race_origin + education + 
+     race_origin*gender + gender*ms + race_origin*ms + (1 | hhid), 
+   data = DataDisb, weights = wt
+ )
> 
> modelFPL100NoBaselineDisab_Anova <- lmerTest::anova( modelFPL100NoBaselineDisab )
> modelFPL100NoBaselineDisab_Summary <- lmerTest::summary( modelFPL100NoBaselineDisab )
> print( modelFPL100NoBaselineDisab_Summary )
Linear mixed model fit by REML t-tests use Satterthwaite approximations to
  degrees of freedom [lmerMod]
Formula: FPL100_noBaseline ~ 1 + yearqtrNum + gender + ms + race_origin +  
    education + race_origin * gender + gender * ms + race_origin *  
    ms + (1 | hhid)
   Data: DataDisb
Weights: wt

REML criterion at convergence: 548256.2

Scaled residuals: 
    Min      1Q  Median      3Q     Max 
-19.251  -0.264  -0.019   0.211  34.930 

Random effects:
 Groups   Name        Variance Std.Dev.
 hhid     (Intercept) 4.215    2.053   
 Residual             8.994    2.999   
Number of obs: 133369, groups:  hhid, 7865

Fixed effects:
                                        Estimate Std. Error         df t value
(Intercept)                            7.656e+01  6.643e+00  1.273e+05  11.526
yearqtrNum                            -3.801e-02  3.303e-03  1.273e+05 -11.506
genderFemale                           1.871e-01  1.019e-01  3.133e+04   1.836
msNot married                         -2.521e-01  8.097e-02  7.074e+04  -3.114
race_originHispanic                   -1.657e-01  1.328e-01  2.341e+04  -1.248
race_originOthers                     -1.446e-01  1.436e-01  2.255e+04  -1.007
race_originWhite                      -5.271e-02  1.039e-01  2.217e+04  -0.507
educationSome college, diploma, assoc  2.243e-02  3.939e-02  2.743e+04   0.569
educationBachelors or higher           7.499e-02  5.074e-02  2.243e+04   1.478
genderFemale:race_originHispanic      -1.624e-01  1.386e-01  3.542e+04  -1.172
genderFemale:race_originOthers        -3.089e-01  1.578e-01  3.236e+04  -1.958
genderFemale:race_originWhite         -1.986e-01  1.055e-01  2.862e+04  -1.882
genderFemale:msNot married            -2.362e-01  5.569e-02  6.620e+04  -4.242
msNot married:race_originHispanic      4.362e-01  1.022e-01  8.435e+04   4.267
msNot married:race_originOthers        2.652e-01  1.276e-01  6.792e+04   2.079
msNot married:race_originWhite         2.823e-02  8.068e-02  6.947e+04   0.350
                                      Pr(>|t|)    
(Intercept)                            < 2e-16 ***
yearqtrNum                             < 2e-16 ***
genderFemale                           0.06643 .  
msNot married                          0.00185 ** 
race_originHispanic                    0.21200    
race_originOthers                      0.31416    
race_originWhite                       0.61197    
educationSome college, diploma, assoc  0.56903    
educationBachelors or higher           0.13948    
genderFemale:race_originHispanic       0.24118    
genderFemale:race_originOthers         0.05028 .  
genderFemale:race_originWhite          0.05989 .  
genderFemale:msNot married            2.21e-05 ***
msNot married:race_originHispanic     1.99e-05 ***
msNot married:race_originOthers        0.03765 *  
msNot married:race_originWhite         0.72645    
---
Signif. codes:  0 ‘***’ 0.001 ‘**’ 0.01 ‘*’ 0.05 ‘.’ 0.1 ‘ ’ 1

Correlation matrix not shown by default, as p = 16 > 12.
Use print(...., correlation=TRUE)  or
	 vcov(....)	 if you need it

> 
> modelFPL100NoBaselineDisab_AnovaDF <- formatAnovaTableForXtable( anovaTable = modelFPL100NoBaselineDisab_Anova )
> print( xtable( modelFPL100NoBaselineDisab_AnovaDF, digits = c( 0, 2, 2, 0, 2, 4 ) , 
+                caption = "Model 3: FPL100 vs demographic factors, time and disability, disability only", 
+                floating = TRUE, latex.environments = "center"
+ ) )
% latex table generated in R 3.3.1 by xtable 1.8-2 package
% Wed Mar  8 11:35:11 2017
\begin{table}[ht]
\centering
\begin{tabular}{rrrrrr}
  \hline
 & Sum Sq & Mean Sq & NumDF & F.value & p.value \\ 
  \hline
yearqtrNum & 1190.80 & 1190.80 & 1 & 132.39 & 0.0000 \\ 
  ms & 218.99 & 218.99 & 1 & 24.35 & 0.0000 \\ 
  ms:race\_origin & 279.40 & 93.13 & 3 & 10.35 & 0.0000 \\ 
  gender:ms & 161.88 & 161.88 & 1 & 18.00 & 0.0000 \\ 
  gender & 38.03 & 38.03 & 1 & 4.23 & 0.0398 \\ 
  race\_origin & 60.03 & 20.01 & 3 & 2.22 & 0.0831 \\ 
  gender:race\_origin & 42.92 & 14.31 & 3 & 1.59 & 0.1893 \\ 
  education & 19.70 & 9.85 & 2 & 1.10 & 0.3345 \\ 
   \hline
\end{tabular}
\caption{Model 3: FPL100 vs demographic factors, time and disability, disability only} 
\end{table}
> 
> 
> #######################################################################
> ## Post hoc tests
> #######################################################################
> postHocFactors <- c( 'race_origin', 'education', 'gender:ms', 'ms:race_origin', 
+                      'gender:race_origin', 'race_origin:adult_disb', 'gender:adult_disb', 
+                      'ms:adult_disb', 'gender:ms:adult_disb', 'adult_disb:education'
+ )
> 
> Factor <- postHocFactors[3]
> # plotFilename <- paste0( PlotPath, 'PlotsPostHoc_RScript05-2.pdf' )
> # pdf( file = plotFilename, onefile = TRUE )
> 
> for( Factor in postHocFactors ){
+   print( "#############################################################" )
+   print( Factor )
+   print( "#############################################################" )
+   
+   postHoc <- lmerTest::difflsmeans(
+     model = modelFPL100, 
+     test.effs = Factor
+   )
+     
+   plotPostHoc <- try( plotLSMeans(
+     response = postHoc$response,
+     table = postHoc$diffs.lsmeans.table, 
+     which.plot = 'DIFF of LSMEANS', 
+     mult = TRUE
+   ) )
+   
+   postHocNoBaseline <- lmerTest::difflsmeans(
+     model = modelFPL100NoBaseline, 
+     test.effs = Factor
+   )
+ 
+   plotPostHocNoBaseline <- try( plotLSMeans(
+     response = postHocNoBaseline$response,
+     table = postHocNoBaseline$diffs.lsmeans.table, 
+     which.plot = 'DIFF of LSMEANS', 
+     mult = TRUE
+   ) )
+ 
+   CAPTION <- paste( 'Post-hoc Tukey test of', Factor )
+   postHocMerged <- try( mergePostHocTables( postHoc1 = postHoc, postHoc2 = postHocNoBaseline ) )
+   postHocMerged <- postHocMerged[ order( postHocMerged$`p-value 2`, postHocMerged$`p-value 1`, 
+                                          decreasing = F ), ]
+   
+   try( print( xtable( postHocMerged, digits = c( 0, 0, 2, 2, 4, 2, 2, 4 ), 
+                  caption = CAPTION ), include.rownames = FALSE ), )
+     
+   try( print( postHoc ) )
+   try( print( postHocNoBaseline ) )
+   
+   # try( plot( plotPostHoc ) )
+   # try( plot( plotPostHocNoBaseline ) )
+   print( "#############################################################" )  
+   try( rm( postHoc, postHocNoBaseline, plotPostHoc, plotPostHocNoBaseline ) )
+ }
[1] "#############################################################"
[1] "race_origin"
[1] "#############################################################"
% latex table generated in R 3.3.1 by xtable 1.8-2 package
% Wed Mar  8 11:41:59 2017
\begin{table}[ht]
\centering
\begin{tabular}{lrrrrrr}
  \hline
Factor Levels & Est 1 & Std Err 1 & p-value 1 & Est 2 & Std Err 2 & p-value 2 \\ 
  \hline
 Black - Others & -0.53 & 0.07 & 0.0000 & 0.22 & 0.07 & 0.0007 \\ 
   Black - White & -0.90 & 0.05 & 0.0000 & 0.14 & 0.04 & 0.0022 \\ 
   Hispanic - Others & -0.46 & 0.07 & 0.0000 & 0.16 & 0.07 & 0.0184 \\ 
   Hispanic - White & -0.83 & 0.05 & 0.0000 & 0.07 & 0.05 & 0.1144 \\ 
   Others - White & -0.37 & 0.06 & 0.0000 & -0.08 & 0.05 & 0.1159 \\ 
   Black - Hispanic & -0.07 & 0.07 & 0.2663 & 0.06 & 0.06 & 0.2924 \\ 
   \hline
\end{tabular}
\caption{Post-hoc Tukey test of race_origin} 
\end{table}
Differences of LSMEANS:
                              Estimate Standard Error      DF t-value Lower CI
race_origin Black - Hispanic      -0.1       6.74e-02 58987.8   -1.11   -0.207
race_origin Black - Others        -0.5       7.33e-02 65368.2   -7.25   -0.675
race_origin Black - White         -0.9       5.06e-02 50817.9  -17.84   -1.002
race_origin Hispanic - Others     -0.5       7.50e-02 73978.5   -6.09   -0.604
race_origin Hispanic - White      -0.8       5.18e-02 74199.9  -15.99   -0.929
race_origin Others - White        -0.4       6.06e-02 70786.5   -6.12   -0.490
                              Upper CI p-value    
race_origin Black - Hispanic    0.0572     0.3    
race_origin Black - Others     -0.3878  <2e-16 ***
race_origin Black - White      -0.8034  <2e-16 ***
race_origin Hispanic - Others  -0.3095  <2e-16 ***
race_origin Hispanic - White   -0.7262  <2e-16 ***
race_origin Others - White     -0.2524  <2e-16 ***
---
Signif. codes:  0 ‘***’ 0.001 ‘**’ 0.01 ‘*’ 0.05 ‘.’ 0.1 ‘ ’ 1
Differences of LSMEANS:
                              Estimate Standard Error      DF t-value Lower CI
race_origin Black - Hispanic       0.1       5.94e-02 53884.1    1.05  -0.0539
race_origin Black - Others         0.2       6.50e-02 58754.6    3.39   0.0929
race_origin Black - White          0.1       4.42e-02 48383.1    3.06   0.0488
race_origin Hispanic - Others      0.2       6.69e-02 63751.9    2.36   0.0266
race_origin Hispanic - White       0.1       4.62e-02 63359.3    1.58  -0.0176
race_origin Others - White        -0.1       5.40e-02 61768.9   -1.57  -0.1906
                              Upper CI p-value    
race_origin Black - Hispanic    0.1790   0.292    
race_origin Black - Others      0.3476   7e-04 ***
race_origin Black - White       0.2221   0.002 ** 
race_origin Hispanic - Others   0.2888   0.018 *  
race_origin Hispanic - White    0.1634   0.114    
race_origin Others - White      0.0209   0.116    
---
Signif. codes:  0 ‘***’ 0.001 ‘**’ 0.01 ‘*’ 0.05 ‘.’ 0.1 ‘ ’ 1
[1] "#############################################################"
[1] "#############################################################"
[1] "education"
[1] "#############################################################"
% latex table generated in R 3.3.1 by xtable 1.8-2 package
% Wed Mar  8 11:46:27 2017
\begin{table}[ht]
\centering
\begin{tabular}{lrrrrrr}
  \hline
Factor Levels & Est 1 & Std Err 1 & p-value 1 & Est 2 & Std Err 2 & p-value 2 \\ 
  \hline
 Some college, diploma, assoc - Bachelors or higher & -1.29 & 0.03 & 0.0000 & -0.08 & 0.03 & 0.0140 \\ 
   High School or less - Bachelors or higher & -1.76 & 0.04 & 0.0000 & -0.06 & 0.03 & 0.0849 \\ 
   High School or less - Some college, diploma, assoc & -0.47 & 0.03 & 0.0000 & 0.02 & 0.03 & 0.4373 \\ 
   \hline
\end{tabular}
\caption{Post-hoc Tukey test of education} 
\end{table}
Differences of LSMEANS:
                                                             Estimate
education High School or less - Some college, diploma, assoc     -0.5
education High School or less - Bachelors or higher              -1.8
education Some college, diploma, assoc - Bachelors or higher     -1.3
                                                             Standard Error
education High School or less - Some college, diploma, assoc       2.84e-02
education High School or less - Bachelors or higher                3.60e-02
education Some college, diploma, assoc - Bachelors or higher       3.41e-02
                                                                   DF t-value
education High School or less - Some college, diploma, assoc 152922.0   -16.6
education High School or less - Bachelors or higher          116716.9   -48.9
education Some college, diploma, assoc - Bachelors or higher 142549.8   -38.0
                                                             Lower CI Upper CI
education High School or less - Some college, diploma, assoc   -0.526   -0.415
education High School or less - Bachelors or higher            -1.834   -1.693
education Some college, diploma, assoc - Bachelors or higher   -1.360   -1.226
                                                             p-value    
education High School or less - Some college, diploma, assoc  <2e-16 ***
education High School or less - Bachelors or higher           <2e-16 ***
education Some college, diploma, assoc - Bachelors or higher  <2e-16 ***
---
Signif. codes:  0 ‘***’ 0.001 ‘**’ 0.01 ‘*’ 0.05 ‘.’ 0.1 ‘ ’ 1
Differences of LSMEANS:
                                                             Estimate
education High School or less - Some college, diploma, assoc      0.0
education High School or less - Bachelors or higher              -0.1
education Some college, diploma, assoc - Bachelors or higher     -0.1
                                                             Standard Error
education High School or less - Some college, diploma, assoc       2.62e-02
education High School or less - Bachelors or higher                3.29e-02
education Some college, diploma, assoc - Bachelors or higher       3.13e-02
                                                                   DF t-value
education High School or less - Some college, diploma, assoc 118342.4    0.78
education High School or less - Bachelors or higher           92740.6   -1.72
education Some college, diploma, assoc - Bachelors or higher 110684.2   -2.46
                                                             Lower CI Upper CI
education High School or less - Some college, diploma, assoc  -0.0311   0.0718
education High School or less - Bachelors or higher           -0.1211   0.0078
education Some college, diploma, assoc - Bachelors or higher  -0.1385  -0.0156
                                                             p-value  
education High School or less - Some college, diploma, assoc    0.44  
education High School or less - Bachelors or higher             0.08 .
education Some college, diploma, assoc - Bachelors or higher    0.01 *
---
Signif. codes:  0 ‘***’ 0.001 ‘**’ 0.01 ‘*’ 0.05 ‘.’ 0.1 ‘ ’ 1
[1] "#############################################################"
[1] "#############################################################"
[1] "gender:ms"
[1] "#############################################################"
% latex table generated in R 3.3.1 by xtable 1.8-2 package
% Wed Mar  8 11:53:10 2017
\begin{table}[ht]
\centering
\begin{tabular}{lrrrrrr}
  \hline
Factor Levels & Est 1 & Std Err 1 & p-value 1 & Est 2 & Std Err 2 & p-value 2 \\ 
  \hline
  Female Married -  Female Not married & 0.74 & 0.03 & 0.0000 & 0.36 & 0.03 & 0.0000 \\ 
    Male Married -  Female Not married & 0.92 & 0.04 & 0.0000 & 0.37 & 0.04 & 0.0000 \\ 
    Male Not married -  Female Not married & 0.65 & 0.04 & 0.0000 & 0.29 & 0.04 & 0.0000 \\ 
    Male Married -  Male Not married & 0.27 & 0.03 & 0.0000 & 0.08 & 0.03 & 0.0110 \\ 
    Female Married -  Male Not married & 0.09 & 0.04 & 0.0436 & 0.07 & 0.04 & 0.0950 \\ 
    Male Married -  Female Married & 0.18 & 0.04 & 0.0000 & 0.01 & 0.04 & 0.8001 \\ 
   \hline
\end{tabular}
\caption{Post-hoc Tukey test of gender:ms} 
\end{table}
Differences of LSMEANS:
                                                  Estimate Standard Error
gender:ms  Male Married -  Female Married              0.2       3.89e-02
gender:ms  Male Married -  Male Not married            0.3       3.25e-02
gender:ms  Male Married -  Female Not married          0.9       3.96e-02
gender:ms  Female Married -  Male Not married          0.1       4.47e-02
gender:ms  Female Married -  Female Not married        0.7       3.12e-02
gender:ms  Male Not married -  Female Not married      0.6       3.84e-02
                                                        DF t-value Lower CI
gender:ms  Male Married -  Female Married         186481.2    4.58   0.1019
gender:ms  Male Married -  Male Not married       388243.6    8.25   0.2046
gender:ms  Male Married -  Female Not married     197245.0   23.10   0.8376
gender:ms  Female Married -  Male Not married     243016.4    2.02   0.0026
gender:ms  Female Married -  Female Not married   345146.0   23.60   0.6758
gender:ms  Male Not married -  Female Not married 212360.9   16.84   0.5716
                                                  Upper CI p-value    
gender:ms  Male Married -  Female Married            0.255  <2e-16 ***
gender:ms  Male Married -  Male Not married          0.332  <2e-16 ***
gender:ms  Male Married -  Female Not married        0.993  <2e-16 ***
gender:ms  Female Married -  Male Not married        0.178    0.04 *  
gender:ms  Female Married -  Female Not married      0.798  <2e-16 ***
gender:ms  Male Not married -  Female Not married    0.722  <2e-16 ***
---
Signif. codes:  0 ‘***’ 0.001 ‘**’ 0.01 ‘*’ 0.05 ‘.’ 0.1 ‘ ’ 1
Differences of LSMEANS:
                                                  Estimate Standard Error
gender:ms  Male Married -  Female Married              0.0       3.63e-02
gender:ms  Male Married -  Male Not married            0.1       3.12e-02
gender:ms  Male Married -  Female Not married          0.4       3.70e-02
gender:ms  Female Married -  Male Not married          0.1       4.21e-02
gender:ms  Female Married -  Female Not married        0.4       2.98e-02
gender:ms  Male Not married -  Female Not married      0.3       3.60e-02
                                                        DF t-value Lower CI
gender:ms  Male Married -  Female Married         144005.1    0.25  -0.0619
gender:ms  Male Married -  Male Not married       309292.2    2.54   0.0182
gender:ms  Male Married -  Female Not married     153193.9   10.05   0.2991
gender:ms  Female Married -  Male Not married     190427.5    1.67  -0.0122
gender:ms  Female Married -  Female Not married   268686.3   12.16   0.3040
gender:ms  Male Not married -  Female Not married 165559.9    8.12   0.2217
                                                  Upper CI p-value    
gender:ms  Male Married -  Female Married           0.0803    0.80    
gender:ms  Male Married -  Male Not married         0.1406    0.01 *  
gender:ms  Male Married -  Female Not married       0.4441  <2e-16 ***
gender:ms  Female Married -  Male Not married       0.1527    0.10 .  
gender:ms  Female Married -  Female Not married     0.4209  <2e-16 ***
gender:ms  Male Not married -  Female Not married   0.3627  <2e-16 ***
---
Signif. codes:  0 ‘***’ 0.001 ‘**’ 0.01 ‘*’ 0.05 ‘.’ 0.1 ‘ ’ 1
[1] "#############################################################"
[1] "#############################################################"
[1] "ms:race_origin"
[1] "#############################################################"
% latex table generated in R 3.3.1 by xtable 1.8-2 package
% Wed Mar  8 12:16:16 2017
\begin{table}[ht]
\centering
\begin{tabular}{lrrrrrr}
  \hline
Factor Levels & Est 1 & Std Err 1 & p-value 1 & Est 2 & Std Err 2 & p-value 2 \\ 
  \hline
  Married White -  Not married White & 0.75 & 0.02 & 0.0000 & 0.37 & 0.02 & 0.0000 \\ 
    Married Black -  Not married White & -0.27 & 0.06 & 0.0000 & 0.44 & 0.06 & 0.0000 \\ 
    Married Hispanic -  Not married White & -0.37 & 0.06 & 0.0000 & 0.30 & 0.05 & 0.0000 \\ 
    Married Black -  Not married Black & 0.52 & 0.05 & 0.0000 & 0.24 & 0.05 & 0.0000 \\ 
    Not married Black -  Not married White & -0.78 & 0.05 & 0.0000 & 0.20 & 0.05 & 0.0000 \\ 
    Not married Others -  Married White & -1.03 & 0.07 & 0.0000 & -0.36 & 0.06 & 0.0000 \\ 
    Married Black -  Not married Others & 0.01 & 0.09 & 0.8911 & 0.43 & 0.08 & 0.0000 \\ 
    Not married Hispanic -  Not married White & -0.54 & 0.06 & 0.0000 & 0.21 & 0.05 & 0.0001 \\ 
    Married Hispanic -  Not married Others & -0.09 & 0.09 & 0.3030 & 0.29 & 0.08 & 0.0001 \\ 
    Not married Black -  Married White & -1.54 & 0.05 & 0.0000 & -0.17 & 0.05 & 0.0004 \\ 
    Married Black -  Married Others & -0.56 & 0.09 & 0.0000 & 0.25 & 0.08 & 0.0013 \\ 
    Married Black -  Not married Hispanic & 0.27 & 0.08 & 0.0006 & 0.23 & 0.07 & 0.0013 \\ 
    Married Others -  Not married White & 0.29 & 0.07 & 0.0000 & 0.19 & 0.06 & 0.0026 \\ 
    Not married Hispanic -  Married White & -1.29 & 0.06 & 0.0000 & -0.16 & 0.05 & 0.0029 \\ 
    Married Others -  Married White & -0.46 & 0.07 & 0.0000 & -0.18 & 0.06 & 0.0041 \\ 
    Married Others -  Not married Others & 0.57 & 0.07 & 0.0000 & 0.18 & 0.06 & 0.0048 \\ 
    Not married Hispanic -  Not married Others & -0.26 & 0.09 & 0.0026 & 0.20 & 0.08 & 0.0095 \\ 
    Not married Black -  Not married Others & -0.51 & 0.08 & 0.0000 & 0.19 & 0.07 & 0.0103 \\ 
    Married Hispanic -  Not married Hispanic & 0.17 & 0.04 & 0.0001 & 0.09 & 0.04 & 0.0271 \\ 
    Married Black -  Married Hispanic & 0.10 & 0.08 & 0.1926 & 0.14 & 0.07 & 0.0476 \\ 
    Not married Black -  Married Hispanic & -0.42 & 0.07 & 0.0000 & -0.10 & 0.06 & 0.1051 \\ 
    Married Hispanic -  Married Others & -0.66 & 0.08 & 0.0000 & 0.11 & 0.08 & 0.1352 \\ 
    Married Hispanic -  Married White & -1.12 & 0.06 & 0.0000 & -0.07 & 0.05 & 0.1894 \\ 
    Married Black -  Married White & -1.02 & 0.06 & 0.0000 & 0.07 & 0.05 & 0.1899 \\ 
    Not married Hispanic -  Married Others & -0.83 & 0.09 & 0.0000 & 0.02 & 0.08 & 0.7908 \\ 
    Not married Black -  Not married Hispanic & -0.25 & 0.07 & 0.0006 & -0.01 & 0.07 & 0.8662 \\ 
    Not married Others -  Not married White & -0.28 & 0.07 & 0.0001 & 0.01 & 0.06 & 0.8850 \\ 
    Not married Black -  Married Others & -1.07 & 0.08 & 0.0000 & 0.01 & 0.07 & 0.8958 \\ 
   \hline
\end{tabular}
\caption{Post-hoc Tukey test of ms:race_origin} 
\end{table}
Differences of LSMEANS:
                                                           Estimate
ms:race_origin  Married Black -  Not married Black              0.5
ms:race_origin  Married Black -  Married Hispanic               0.1
ms:race_origin  Married Black -  Not married Hispanic           0.3
ms:race_origin  Married Black -  Married Others                -0.6
ms:race_origin  Married Black -  Not married Others             0.0
ms:race_origin  Married Black -  Married White                 -1.0
ms:race_origin  Married Black -  Not married White             -0.3
ms:race_origin  Not married Black -  Married Hispanic          -0.4
ms:race_origin  Not married Black -  Not married Hispanic      -0.2
ms:race_origin  Not married Black -  Married Others            -1.1
ms:race_origin  Not married Black -  Not married Others        -0.5
ms:race_origin  Not married Black -  Married White             -1.5
ms:race_origin  Not married Black -  Not married White         -0.8
ms:race_origin  Married Hispanic -  Not married Hispanic        0.2
ms:race_origin  Married Hispanic -  Married Others             -0.7
ms:race_origin  Married Hispanic -  Not married Others         -0.1
ms:race_origin  Married Hispanic -  Married White              -1.1
ms:race_origin  Married Hispanic -  Not married White          -0.4
ms:race_origin  Not married Hispanic -  Married Others         -0.8
ms:race_origin  Not married Hispanic -  Not married Others     -0.3
ms:race_origin  Not married Hispanic -  Married White          -1.3
ms:race_origin  Not married Hispanic -  Not married White      -0.5
ms:race_origin  Married Others -  Not married Others            0.6
ms:race_origin  Married Others -  Married White                -0.5
ms:race_origin  Married Others -  Not married White             0.3
ms:race_origin  Not married Others -  Married White            -1.0
ms:race_origin  Not married Others -  Not married White        -0.3
ms:race_origin  Married White -  Not married White              0.8
                                                           Standard Error
ms:race_origin  Married Black -  Not married Black               4.85e-02
ms:race_origin  Married Black -  Married Hispanic                7.64e-02
ms:race_origin  Married Black -  Not married Hispanic            7.84e-02
ms:race_origin  Married Black -  Married Others                  8.56e-02
ms:race_origin  Married Black -  Not married Others              8.70e-02
ms:race_origin  Married Black -  Married White                   5.97e-02
ms:race_origin  Married Black -  Not married White               6.10e-02
ms:race_origin  Not married Black -  Married Hispanic            7.17e-02
ms:race_origin  Not married Black -  Not married Hispanic        7.27e-02
ms:race_origin  Not married Black -  Married Others              8.19e-02
ms:race_origin  Not married Black -  Not married Others          8.24e-02
ms:race_origin  Not married Black -  Married White               5.39e-02
ms:race_origin  Not married Black -  Not married White           5.36e-02
ms:race_origin  Married Hispanic -  Not married Hispanic         4.32e-02
ms:race_origin  Married Hispanic -  Married Others               8.41e-02
ms:race_origin  Married Hispanic -  Not married Others           8.50e-02
ms:race_origin  Married Hispanic -  Married White                5.56e-02
ms:race_origin  Married Hispanic -  Not married White            5.67e-02
ms:race_origin  Not married Hispanic -  Married Others           8.57e-02
ms:race_origin  Not married Hispanic -  Not married Others       8.54e-02
ms:race_origin  Not married Hispanic -  Married White            5.85e-02
ms:race_origin  Not married Hispanic -  Not married White        5.76e-02
ms:race_origin  Married Others -  Not married Others             6.77e-02
ms:race_origin  Married Others -  Married White                  6.94e-02
ms:race_origin  Married Others -  Not married White              7.04e-02
ms:race_origin  Not married Others -  Married White              7.09e-02
ms:race_origin  Not married Others -  Not married White          7.04e-02
ms:race_origin  Married White -  Not married White               2.17e-02
                                                                 DF t-value
ms:race_origin  Married Black -  Not married Black         383934.2   10.69
ms:race_origin  Married Black -  Married Hispanic           81995.1    1.30
ms:race_origin  Married Black -  Not married Hispanic       89598.4    3.43
ms:race_origin  Married Black -  Married Others             88504.6   -6.49
ms:race_origin  Married Black -  Not married Others        106461.7    0.14
ms:race_origin  Married Black -  Married White              79065.5  -17.10
ms:race_origin  Married Black -  Not married White          83625.3   -4.36
ms:race_origin  Not married Black -  Married Hispanic       69669.1   -5.85
ms:race_origin  Not married Black -  Not married Hispanic   74204.2   -3.43
ms:race_origin  Not married Black -  Married Others         77749.5  -13.12
ms:race_origin  Not married Black -  Not married Others     92307.7   -6.15
ms:race_origin  Not married Black -  Married White          60173.0  -28.54
ms:race_origin  Not married Black -  Not married White      59645.0  -14.63
ms:race_origin  Married Hispanic -  Not married Hispanic   493620.9    3.93
ms:race_origin  Married Hispanic -  Married Others          87905.2   -7.80
ms:race_origin  Married Hispanic -  Not married Others     107261.9   -1.03
ms:race_origin  Married Hispanic -  Married White           89831.4  -20.16
ms:race_origin  Married Hispanic -  Not married White       94295.2   -6.45
ms:race_origin  Not married Hispanic -  Married Others      93929.4   -9.63
ms:race_origin  Not married Hispanic -  Not married Others 111153.8   -3.01
ms:race_origin  Not married Hispanic -  Married White      103666.6  -22.03
ms:race_origin  Not married Hispanic -  Not married White  100792.1   -9.29
ms:race_origin  Married Others -  Not married Others       327528.4    8.39
ms:race_origin  Married Others -  Married White             84482.5   -6.69
ms:race_origin  Married Others -  Not married White         87157.8    4.12
ms:race_origin  Not married Others -  Married White        113346.2  -14.56
ms:race_origin  Not married Others -  Not married White    111581.0   -3.95
ms:race_origin  Married White -  Not married White         362669.6   34.80
                                                           Lower CI Upper CI
ms:race_origin  Married Black -  Not married Black           0.4235   0.6138
ms:race_origin  Married Black -  Married Hispanic           -0.0502   0.2492
ms:race_origin  Married Black -  Not married Hispanic        0.1156   0.4229
ms:race_origin  Married Black -  Married Others             -0.7239  -0.3882
ms:race_origin  Married Black -  Not married Others         -0.1586   0.1824
ms:race_origin  Married Black -  Married White              -1.1374  -0.9035
ms:race_origin  Married Black -  Not married White          -0.3856  -0.1465
ms:race_origin  Not married Black -  Married Hispanic       -0.5597  -0.2786
ms:race_origin  Not married Black -  Not married Hispanic   -0.3918  -0.1070
ms:race_origin  Not married Black -  Married Others         -1.2353  -0.9142
ms:race_origin  Not married Black -  Not married Others     -0.6683  -0.3452
ms:race_origin  Not married Black -  Married White          -1.6448  -1.4334
ms:race_origin  Not married Black -  Not married White      -0.8898  -0.6795
ms:race_origin  Married Hispanic -  Not married Hispanic     0.0852   0.2543
ms:race_origin  Married Hispanic -  Married Others          -0.8204  -0.4908
ms:race_origin  Married Hispanic -  Not married Others      -0.2542   0.0791
ms:race_origin  Married Hispanic -  Married White           -1.2289  -1.0111
ms:race_origin  Married Hispanic -  Not married White       -0.4767  -0.2544
ms:race_origin  Not married Hispanic -  Married Others      -0.9933  -0.6574
ms:race_origin  Not married Hispanic -  Not married Others  -0.4248  -0.0899
ms:race_origin  Not married Hispanic -  Married White       -1.4045  -1.1750
ms:race_origin  Not married Hispanic -  Not married White   -0.6482  -0.4224
ms:race_origin  Married Others -  Not married Others         0.4354   0.7006
ms:race_origin  Married Others -  Married White             -0.6004  -0.3284
ms:race_origin  Married Others -  Not married White          0.1521   0.4280
ms:race_origin  Not married Others -  Married White         -1.1714  -0.8934
ms:race_origin  Not married Others -  Not married White     -0.4159  -0.1400
ms:race_origin  Married White -  Not married White           0.7119   0.7969
                                                           p-value    
ms:race_origin  Married Black -  Not married Black          <2e-16 ***
ms:race_origin  Married Black -  Married Hispanic            0.193    
ms:race_origin  Married Black -  Not married Hispanic        6e-04 ***
ms:race_origin  Married Black -  Married Others             <2e-16 ***
ms:race_origin  Married Black -  Not married Others          0.891    
ms:race_origin  Married Black -  Married White              <2e-16 ***
ms:race_origin  Married Black -  Not married White          <2e-16 ***
ms:race_origin  Not married Black -  Married Hispanic       <2e-16 ***
ms:race_origin  Not married Black -  Not married Hispanic    6e-04 ***
ms:race_origin  Not married Black -  Married Others         <2e-16 ***
ms:race_origin  Not married Black -  Not married Others     <2e-16 ***
ms:race_origin  Not married Black -  Married White          <2e-16 ***
ms:race_origin  Not married Black -  Not married White      <2e-16 ***
ms:race_origin  Married Hispanic -  Not married Hispanic     1e-04 ***
ms:race_origin  Married Hispanic -  Married Others          <2e-16 ***
ms:race_origin  Married Hispanic -  Not married Others       0.303    
ms:race_origin  Married Hispanic -  Married White           <2e-16 ***
ms:race_origin  Married Hispanic -  Not married White       <2e-16 ***
ms:race_origin  Not married Hispanic -  Married Others      <2e-16 ***
ms:race_origin  Not married Hispanic -  Not married Others   0.003 ** 
ms:race_origin  Not married Hispanic -  Married White       <2e-16 ***
ms:race_origin  Not married Hispanic -  Not married White   <2e-16 ***
ms:race_origin  Married Others -  Not married Others        <2e-16 ***
ms:race_origin  Married Others -  Married White             <2e-16 ***
ms:race_origin  Married Others -  Not married White         <2e-16 ***
ms:race_origin  Not married Others -  Married White         <2e-16 ***
ms:race_origin  Not married Others -  Not married White      1e-04 ***
ms:race_origin  Married White -  Not married White          <2e-16 ***
---
Signif. codes:  0 ‘***’ 0.001 ‘**’ 0.01 ‘*’ 0.05 ‘.’ 0.1 ‘ ’ 1
Differences of LSMEANS:
                                                           Estimate
ms:race_origin  Married Black -  Not married Black              0.2
ms:race_origin  Married Black -  Married Hispanic               0.1
ms:race_origin  Married Black -  Not married Hispanic           0.2
ms:race_origin  Married Black -  Married Others                 0.2
ms:race_origin  Married Black -  Not married Others             0.4
ms:race_origin  Married Black -  Married White                  0.1
ms:race_origin  Married Black -  Not married White              0.4
ms:race_origin  Not married Black -  Married Hispanic          -0.1
ms:race_origin  Not married Black -  Not married Hispanic       0.0
ms:race_origin  Not married Black -  Married Others             0.0
ms:race_origin  Not married Black -  Not married Others         0.2
ms:race_origin  Not married Black -  Married White             -0.2
ms:race_origin  Not married Black -  Not married White          0.2
ms:race_origin  Married Hispanic -  Not married Hispanic        0.1
ms:race_origin  Married Hispanic -  Married Others              0.1
ms:race_origin  Married Hispanic -  Not married Others          0.3
ms:race_origin  Married Hispanic -  Married White              -0.1
ms:race_origin  Married Hispanic -  Not married White           0.3
ms:race_origin  Not married Hispanic -  Married Others          0.0
ms:race_origin  Not married Hispanic -  Not married Others      0.2
ms:race_origin  Not married Hispanic -  Married White          -0.2
ms:race_origin  Not married Hispanic -  Not married White       0.2
ms:race_origin  Married Others -  Not married Others            0.2
ms:race_origin  Married Others -  Married White                -0.2
ms:race_origin  Married Others -  Not married White             0.2
ms:race_origin  Not married Others -  Married White            -0.4
ms:race_origin  Not married Others -  Not married White         0.0
ms:race_origin  Married White -  Not married White              0.4
                                                           Standard Error
ms:race_origin  Married Black -  Not married Black               4.65e-02
ms:race_origin  Married Black -  Married Hispanic                6.87e-02
ms:race_origin  Married Black -  Not married Hispanic            7.09e-02
ms:race_origin  Married Black -  Married Others                  7.73e-02
ms:race_origin  Married Black -  Not married Others              7.93e-02
ms:race_origin  Married Black -  Married White                   5.36e-02
ms:race_origin  Married Black -  Not married White               5.50e-02
ms:race_origin  Not married Black -  Married Hispanic            6.39e-02
ms:race_origin  Not married Black -  Not married Hispanic        6.50e-02
ms:race_origin  Not married Black -  Married Others              7.34e-02
ms:race_origin  Not married Black -  Not married Others          7.46e-02
ms:race_origin  Not married Black -  Married White               4.77e-02
ms:race_origin  Not married Black -  Not married White           4.74e-02
ms:race_origin  Married Hispanic -  Not married Hispanic         4.19e-02
ms:race_origin  Married Hispanic -  Married Others               7.57e-02
ms:race_origin  Married Hispanic -  Not married Others           7.74e-02
ms:race_origin  Married Hispanic -  Married White                5.01e-02
ms:race_origin  Married Hispanic -  Not married White            5.13e-02
ms:race_origin  Not married Hispanic -  Married Others           7.75e-02
ms:race_origin  Not married Hispanic -  Not married Others       7.79e-02
ms:race_origin  Not married Hispanic -  Married White            5.32e-02
ms:race_origin  Not married Hispanic -  Not married White        5.23e-02
ms:race_origin  Married Others -  Not married Others             6.45e-02
ms:race_origin  Married Others -  Married White                  6.24e-02
ms:race_origin  Married Others -  Not married White              6.34e-02
ms:race_origin  Not married Others -  Married White              6.48e-02
ms:race_origin  Not married Others -  Not married White          6.42e-02
ms:race_origin  Married White -  Not married White               2.07e-02
                                                                 DF t-value
ms:race_origin  Married Black -  Not married Black         303004.3    5.15
ms:race_origin  Married Black -  Married Hispanic           76453.2    1.98
ms:race_origin  Married Black -  Not married Hispanic       83971.7    3.23
ms:race_origin  Married Black -  Married Others             79942.8    3.22
ms:race_origin  Married Black -  Not married Others         96378.3    5.44
ms:race_origin  Married Black -  Married White              76677.7    1.31
ms:race_origin  Married Black -  Not married White          80947.4    8.01
ms:race_origin  Not married Black -  Married Hispanic       64932.3   -1.62
ms:race_origin  Not married Black -  Not married Hispanic   69742.8   -0.17
ms:race_origin  Not married Black -  Married Others         70204.0    0.13
ms:race_origin  Not married Black -  Not married Others     83918.9    2.57
ms:race_origin  Not married Black -  Married White          58333.9   -3.55
ms:race_origin  Not married Black -  Not married White      57733.7    4.23
ms:race_origin  Married Hispanic -  Not married Hispanic   425514.3    2.21
ms:race_origin  Married Hispanic -  Married Others          76562.2    1.49
ms:race_origin  Married Hispanic -  Not married Others      93495.9    3.81
ms:race_origin  Married Hispanic -  Married White           78247.5   -1.31
ms:race_origin  Married Hispanic -  Not married White       82136.6    5.93
ms:race_origin  Not married Hispanic -  Married Others      82258.9    0.27
ms:race_origin  Not married Hispanic -  Not married Others  97317.4    2.59
ms:race_origin  Not married Hispanic -  Married White       91285.4   -2.98
ms:race_origin  Not married Hispanic -  Not married White   88809.3    4.05
ms:race_origin  Married Others -  Not married Others       253490.1    2.82
ms:race_origin  Married Others -  Married White             74008.6   -2.87
ms:race_origin  Married Others -  Not married White         76428.7    3.01
ms:race_origin  Not married Others -  Married White         99382.1   -5.57
ms:race_origin  Not married Others -  Not married White     97845.1    0.14
ms:race_origin  Married White -  Not married White         282668.9   17.84
                                                           Lower CI Upper CI
ms:race_origin  Married Black -  Not married Black           0.1484   0.3308
ms:race_origin  Married Black -  Married Hispanic            0.0015   0.2707
ms:race_origin  Married Black -  Not married Hispanic        0.0898   0.3675
ms:race_origin  Married Black -  Married Others              0.0978   0.4007
ms:race_origin  Married Black -  Not married Others          0.2755   0.5863
ms:race_origin  Married Black -  Married White              -0.0348   0.1754
ms:race_origin  Married Black -  Not married White           0.3325   0.5479
ms:race_origin  Not married Black -  Married Hispanic       -0.2287   0.0217
ms:race_origin  Not married Black -  Not married Hispanic   -0.1383   0.1164
ms:race_origin  Not married Black -  Married Others         -0.1342   0.1534
ms:race_origin  Not married Black -  Not married Others      0.0452   0.3374
ms:race_origin  Not married Black -  Married White          -0.2628  -0.0759
ms:race_origin  Not married Black -  Not married White       0.1077   0.2935
ms:race_origin  Married Hispanic -  Not married Hispanic     0.0105   0.1747
ms:race_origin  Married Hispanic -  Married Others          -0.0353   0.2616
ms:race_origin  Married Hispanic -  Not married Others       0.1431   0.4466
ms:race_origin  Married Hispanic -  Married White           -0.1640   0.0325
ms:race_origin  Married Hispanic -  Not married White        0.2036   0.4046
ms:race_origin  Not married Hispanic -  Married Others      -0.1314   0.1725
ms:race_origin  Not married Hispanic -  Not married Others   0.0495   0.3550
ms:race_origin  Not married Hispanic -  Married White       -0.2627  -0.0540
ms:race_origin  Not married Hispanic -  Not married White    0.1090   0.3140
ms:race_origin  Married Others -  Not married Others         0.0553   0.3080
ms:race_origin  Married Others -  Married White             -0.3013  -0.0566
ms:race_origin  Married Others -  Not married White          0.0667   0.3152
ms:race_origin  Not married Others -  Married White         -0.4875  -0.2337
ms:race_origin  Not married Others -  Not married White     -0.1166   0.1351
ms:race_origin  Married White -  Not married White           0.3293   0.4106
                                                           p-value    
ms:race_origin  Married Black -  Not married Black          <2e-16 ***
ms:race_origin  Married Black -  Married Hispanic            0.048 *  
ms:race_origin  Married Black -  Not married Hispanic        0.001 ** 
ms:race_origin  Married Black -  Married Others              0.001 ** 
ms:race_origin  Married Black -  Not married Others         <2e-16 ***
ms:race_origin  Married Black -  Married White               0.190    
ms:race_origin  Married Black -  Not married White          <2e-16 ***
ms:race_origin  Not married Black -  Married Hispanic        0.105    
ms:race_origin  Not married Black -  Not married Hispanic    0.866    
ms:race_origin  Not married Black -  Married Others          0.896    
ms:race_origin  Not married Black -  Not married Others      0.010 *  
ms:race_origin  Not married Black -  Married White           4e-04 ***
ms:race_origin  Not married Black -  Not married White      <2e-16 ***
ms:race_origin  Married Hispanic -  Not married Hispanic     0.027 *  
ms:race_origin  Married Hispanic -  Married Others           0.135    
ms:race_origin  Married Hispanic -  Not married Others       1e-04 ***
ms:race_origin  Married Hispanic -  Married White            0.189    
ms:race_origin  Married Hispanic -  Not married White       <2e-16 ***
ms:race_origin  Not married Hispanic -  Married Others       0.791    
ms:race_origin  Not married Hispanic -  Not married Others   0.009 ** 
ms:race_origin  Not married Hispanic -  Married White        0.003 ** 
ms:race_origin  Not married Hispanic -  Not married White    1e-04 ***
ms:race_origin  Married Others -  Not married Others         0.005 ** 
ms:race_origin  Married Others -  Married White              0.004 ** 
ms:race_origin  Married Others -  Not married White          0.003 ** 
ms:race_origin  Not married Others -  Married White         <2e-16 ***
ms:race_origin  Not married Others -  Not married White      0.885    
ms:race_origin  Married White -  Not married White          <2e-16 ***
---
Signif. codes:  0 ‘***’ 0.001 ‘**’ 0.01 ‘*’ 0.05 ‘.’ 0.1 ‘ ’ 1
[1] "#############################################################"
[1] "#############################################################"
[1] "gender:race_origin"
[1] "#############################################################"
% latex table generated in R 3.3.1 by xtable 1.8-2 package
% Wed Mar  8 12:39:19 2017
\begin{table}[ht]
\centering
\begin{tabular}{lrrrrrr}
  \hline
Factor Levels & Est 1 & Std Err 1 & p-value 1 & Est 2 & Std Err 2 & p-value 2 \\ 
  \hline
  Male White -  Female White & 0.40 & 0.03 & 0.0000 & 0.14 & 0.03 & 0.0000 \\ 
    Female Black -  Female Others & -0.38 & 0.09 & 0.0000 & 0.41 & 0.08 & 0.0000 \\ 
    Female Black -  Female White & -0.85 & 0.06 & 0.0000 & 0.22 & 0.05 & 0.0000 \\ 
    Male Others -  Female Others & 0.60 & 0.09 & 0.0000 & 0.35 & 0.08 & 0.0000 \\ 
    Female Others -  Male White & -0.87 & 0.08 & 0.0000 & -0.33 & 0.07 & 0.0000 \\ 
    Male Black -  Female Others & -0.08 & 0.09 & 0.3988 & 0.38 & 0.08 & 0.0000 \\ 
    Male Hispanic -  Female Others & 0.02 & 0.09 & 0.8198 & 0.40 & 0.08 & 0.0000 \\ 
    Male Hispanic -  Female White & -0.45 & 0.06 & 0.0000 & 0.21 & 0.06 & 0.0003 \\ 
    Male Black -  Female White & -0.56 & 0.07 & 0.0000 & 0.19 & 0.06 & 0.0012 \\ 
    Female Hispanic -  Female Others & -0.33 & 0.09 & 0.0003 & 0.26 & 0.08 & 0.0013 \\ 
    Female Others -  Female White & -0.48 & 0.08 & 0.0000 & -0.19 & 0.07 & 0.0055 \\ 
    Male Hispanic -  Female Hispanic & 0.35 & 0.06 & 0.0000 & 0.14 & 0.06 & 0.0162 \\ 
    Male Others -  Female White & 0.13 & 0.08 & 0.0901 & 0.16 & 0.07 & 0.0190 \\ 
    Female Black -  Female Hispanic & -0.05 & 0.08 & 0.5194 & 0.15 & 0.07 & 0.0323 \\ 
    Male Black -  Female Hispanic & 0.25 & 0.08 & 0.0027 & 0.12 & 0.07 & 0.1164 \\ 
    Female Black -  Male White & -1.25 & 0.06 & 0.0000 & 0.08 & 0.05 & 0.1262 \\ 
    Female Hispanic -  Female White & -0.81 & 0.06 & 0.0000 & 0.07 & 0.05 & 0.1650 \\ 
    Male Hispanic -  Male White & -0.85 & 0.06 & 0.0000 & 0.07 & 0.06 & 0.2074 \\ 
    Female Hispanic -  Male White & -1.20 & 0.06 & 0.0000 & -0.07 & 0.06 & 0.2291 \\ 
    Female Hispanic -  Male Others & -0.93 & 0.09 & 0.0000 & -0.09 & 0.08 & 0.2903 \\ 
    Male Black -  Male White & -0.95 & 0.07 & 0.0000 & 0.05 & 0.06 & 0.3831 \\ 
    Female Black -  Male Others & -0.98 & 0.09 & 0.0000 & 0.06 & 0.08 & 0.4639 \\ 
    Male Hispanic -  Male Others & -0.58 & 0.09 & 0.0000 & 0.05 & 0.08 & 0.5439 \\ 
    Male Black -  Female Black & 0.30 & 0.06 & 0.0000 & -0.03 & 0.06 & 0.6399 \\ 
    Male Black -  Male Others & -0.68 & 0.09 & 0.0000 & 0.03 & 0.08 & 0.7174 \\ 
    Male Others -  Male White & -0.27 & 0.08 & 0.0004 & 0.02 & 0.07 & 0.7651 \\ 
    Male Black -  Male Hispanic & -0.10 & 0.08 & 0.2292 & -0.02 & 0.08 & 0.7893 \\ 
    Female Black -  Male Hispanic & -0.40 & 0.08 & 0.0000 & 0.01 & 0.07 & 0.9142 \\ 
   \hline
\end{tabular}
\caption{Post-hoc Tukey test of gender:race_origin} 
\end{table}
Differences of LSMEANS:
                                                     Estimate Standard Error
gender:race_origin  Male Black -  Female Black            0.3       6.44e-02
gender:race_origin  Male Black -  Male Hispanic          -0.1       8.38e-02
gender:race_origin  Male Black -  Female Hispanic         0.2       8.33e-02
gender:race_origin  Male Black -  Male Others            -0.7       9.35e-02
gender:race_origin  Male Black -  Female Others          -0.1       9.41e-02
gender:race_origin  Male Black -  Male White             -1.0       6.52e-02
gender:race_origin  Male Black -  Female White           -0.6       6.61e-02
gender:race_origin  Female Black -  Male Hispanic        -0.4       7.91e-02
gender:race_origin  Female Black -  Female Hispanic       0.0       7.62e-02
gender:race_origin  Female Black -  Male Others          -1.0       8.88e-02
gender:race_origin  Female Black -  Female Others        -0.4       8.83e-02
gender:race_origin  Female Black -  Male White           -1.2       5.83e-02
gender:race_origin  Female Black -  Female White         -0.9       5.67e-02
gender:race_origin  Male Hispanic -  Female Hispanic      0.4       6.08e-02
gender:race_origin  Male Hispanic -  Male Others         -0.6       9.22e-02
gender:race_origin  Male Hispanic -  Female Others        0.0       9.37e-02
gender:race_origin  Male Hispanic -  Male White          -0.9       6.20e-02
gender:race_origin  Male Hispanic -  Female White        -0.5       6.39e-02
gender:race_origin  Female Hispanic -  Male Others       -0.9       9.09e-02
gender:race_origin  Female Hispanic -  Female Others     -0.3       9.13e-02
gender:race_origin  Female Hispanic -  Male White        -1.2       6.13e-02
gender:race_origin  Female Hispanic -  Female White      -0.8       5.96e-02
gender:race_origin  Male Others -  Female Others          0.6       8.75e-02
gender:race_origin  Male Others -  Male White            -0.3       7.55e-02
gender:race_origin  Male Others -  Female White           0.1       7.62e-02
gender:race_origin  Female Others -  Male White          -0.9       7.69e-02
gender:race_origin  Female Others -  Female White        -0.5       7.61e-02
gender:race_origin  Male White -  Female White            0.4       2.89e-02
                                                           DF t-value Lower CI
gender:race_origin  Male Black -  Female Black       154824.9    4.64   0.1727
gender:race_origin  Male Black -  Male Hispanic       88259.2   -1.20  -0.2651
gender:race_origin  Male Black -  Female Hispanic     83325.0    3.00   0.0866
gender:race_origin  Male Black -  Male Others         90669.0   -7.32  -0.8677
gender:race_origin  Male Black -  Female Others       89158.9   -0.84  -0.2640
gender:race_origin  Male Black -  Male White          77289.6  -14.60  -1.0787
gender:race_origin  Male Black -  Female White        80262.8   -8.40  -0.6848
gender:race_origin  Female Black -  Male Hispanic     76806.7   -5.05  -0.5547
gender:race_origin  Female Black -  Female Hispanic   70280.0   -0.64  -0.1985
gender:race_origin  Female Black -  Male Others       80968.6  -11.07  -1.1574
gender:race_origin  Female Black -  Female Others     78273.9   -4.29  -0.5513
gender:race_origin  Female Black -  Male White        59716.0  -21.44  -1.3641
gender:race_origin  Female Black -  Female White      58628.2  -15.07  -0.9653
gender:race_origin  Male Hispanic -  Female Hispanic 248363.8    5.77   0.2315
gender:race_origin  Male Hispanic -  Male Others     100429.8   -6.33  -0.7644
gender:race_origin  Male Hispanic -  Female Others    95212.0    0.23  -0.1622
gender:race_origin  Male Hispanic -  Male White      105389.2  -13.71  -0.9718
gender:race_origin  Male Hispanic -  Female White    105075.2   -7.11  -0.5798
gender:race_origin  Female Hispanic -  Male Others    96654.5  -10.28  -1.1124
gender:race_origin  Female Hispanic -  Female Others  88970.3   -3.61  -0.5081
gender:race_origin  Female Hispanic -  Male White     93758.1  -19.59  -1.3209
gender:race_origin  Female Hispanic -  Female White   90772.1  -13.50  -0.9219
gender:race_origin  Male Others -  Female Others     144647.8    6.91   0.4334
gender:race_origin  Male Others -  Male White         93484.9   -3.53  -0.4144
gender:race_origin  Male Others -  Female White       94377.7    1.69  -0.0202
gender:race_origin  Female Others -  Male White       87865.0  -11.34  -1.0222
gender:race_origin  Female Others -  Female White     84772.4   -6.25  -0.6250
gender:race_origin  Male White -  Female White       148890.0   13.68   0.3390
                                                     Upper CI p-value    
gender:race_origin  Male Black -  Female Black         0.4251  <2e-16 ***
gender:race_origin  Male Black -  Male Hispanic        0.0635   0.229    
gender:race_origin  Male Black -  Female Hispanic      0.4130   0.003 ** 
gender:race_origin  Male Black -  Male Others         -0.5012  <2e-16 ***
gender:race_origin  Male Black -  Female Others        0.1051   0.399    
gender:race_origin  Male Black -  Male White          -0.8233  <2e-16 ***
gender:race_origin  Male Black -  Female White        -0.4258  <2e-16 ***
gender:race_origin  Female Black -  Male Hispanic     -0.2447  <2e-16 ***
gender:race_origin  Female Black -  Female Hispanic    0.1003   0.519    
gender:race_origin  Female Black -  Male Others       -0.8093  <2e-16 ***
gender:race_origin  Female Black -  Female Others     -0.2053  <2e-16 ***
gender:race_origin  Female Black -  Male White        -1.1356  <2e-16 ***
gender:race_origin  Female Black -  Female White      -0.7431  <2e-16 ***
gender:race_origin  Male Hispanic -  Female Hispanic   0.4697  <2e-16 ***
gender:race_origin  Male Hispanic -  Male Others      -0.4030  <2e-16 ***
gender:race_origin  Male Hispanic -  Female Others     0.2049   0.820    
gender:race_origin  Male Hispanic -  Male White       -0.7286  <2e-16 ***
gender:race_origin  Male Hispanic -  Female White     -0.3292  <2e-16 ***
gender:race_origin  Female Hispanic -  Male Others    -0.7561  <2e-16 ***
gender:race_origin  Female Hispanic -  Female Others  -0.1504   3e-04 ***
gender:race_origin  Female Hispanic -  Male White     -1.0807  <2e-16 ***
gender:race_origin  Female Hispanic -  Female White   -0.6882  <2e-16 ***
gender:race_origin  Male Others -  Female Others       0.7766  <2e-16 ***
gender:race_origin  Male Others -  Male White         -0.1186   4e-04 ***
gender:race_origin  Male Others -  Female White        0.2786   0.090 .  
gender:race_origin  Female Others -  Male White       -0.7209  <2e-16 ***
gender:race_origin  Female Others -  Female White     -0.3267  <2e-16 ***
gender:race_origin  Male White -  Female White         0.4524  <2e-16 ***
---
Signif. codes:  0 ‘***’ 0.001 ‘**’ 0.01 ‘*’ 0.05 ‘.’ 0.1 ‘ ’ 1
Differences of LSMEANS:
                                                     Estimate Standard Error
gender:race_origin  Male Black -  Female Black            0.0       5.95e-02
gender:race_origin  Male Black -  Male Hispanic           0.0       7.56e-02
gender:race_origin  Male Black -  Female Hispanic         0.1       7.48e-02
gender:race_origin  Male Black -  Male Others             0.0       8.44e-02
gender:race_origin  Male Black -  Female Others           0.4       8.49e-02
gender:race_origin  Male Black -  Male White              0.1       5.83e-02
gender:race_origin  Male Black -  Female White            0.2       5.93e-02
gender:race_origin  Female Black -  Male Hispanic         0.0       7.08e-02
gender:race_origin  Female Black -  Female Hispanic       0.1       6.79e-02
gender:race_origin  Female Black -  Male Others           0.1       7.97e-02
gender:race_origin  Female Black -  Female Others         0.4       7.91e-02
gender:race_origin  Female Black -  Male White            0.1       5.15e-02
gender:race_origin  Female Black -  Female White          0.2       5.00e-02
gender:race_origin  Male Hispanic -  Female Hispanic      0.1       5.72e-02
gender:race_origin  Male Hispanic -  Male Others          0.1       8.36e-02
gender:race_origin  Male Hispanic -  Female Others        0.4       8.47e-02
gender:race_origin  Male Hispanic -  Male White           0.1       5.64e-02
gender:race_origin  Male Hispanic -  Female White         0.2       5.81e-02
gender:race_origin  Female Hispanic -  Male Others       -0.1       8.22e-02
gender:race_origin  Female Hispanic -  Female Others      0.3       8.22e-02
gender:race_origin  Female Hispanic -  Male White        -0.1       5.54e-02
gender:race_origin  Female Hispanic -  Female White       0.1       5.38e-02
gender:race_origin  Male Others -  Female Others          0.4       8.06e-02
gender:race_origin  Male Others -  Male White             0.0       6.82e-02
gender:race_origin  Male Others -  Female White           0.2       6.89e-02
gender:race_origin  Female Others -  Male White          -0.3       6.92e-02
gender:race_origin  Female Others -  Female White        -0.2       6.84e-02
gender:race_origin  Male White -  Female White            0.1       2.67e-02
                                                           DF t-value Lower CI
gender:race_origin  Male Black -  Female Black       119810.6   -0.47  -0.1444
gender:race_origin  Male Black -  Male Hispanic       77963.6   -0.27  -0.1683
gender:race_origin  Male Black -  Female Hispanic     73423.7    1.57  -0.0292
gender:race_origin  Male Black -  Male Others         78021.2    0.36  -0.1348
gender:race_origin  Male Black -  Female Others       76650.9    4.50   0.2158
gender:race_origin  Male Black -  Male White          69708.5    0.87  -0.0635
gender:race_origin  Male Black -  Female White        71942.8    3.24   0.0759
gender:race_origin  Female Black -  Male Hispanic     69939.6    0.11  -0.1312
gender:race_origin  Female Black -  Female Hispanic   64198.8    2.14   0.0122
gender:race_origin  Female Black -  Male Others       71458.1    0.73  -0.0978
gender:race_origin  Female Black -  Female Others     69010.9    5.19   0.2550
gender:race_origin  Female Black -  Male White        56584.5    1.53  -0.0222
gender:race_origin  Female Black -  Female White      55697.0    4.40   0.1220
gender:race_origin  Male Hispanic -  Female Hispanic 186520.7    2.41   0.0255
gender:race_origin  Male Hispanic -  Male Others      84424.2    0.61  -0.1131
gender:race_origin  Male Hispanic -  Female Others    80724.4    4.75   0.2364
gender:race_origin  Male Hispanic -  Male White       88748.5    1.26  -0.0394
gender:race_origin  Male Hispanic -  Female White     88404.1    3.66   0.0985
gender:race_origin  Female Hispanic -  Male Others    81469.6   -1.06  -0.2481
gender:race_origin  Female Hispanic -  Female Others  75636.0    3.22   0.1035
gender:race_origin  Female Hispanic -  Male White     79220.5   -1.20  -0.1751
gender:race_origin  Female Hispanic -  Female White   77240.7    1.39  -0.0307
gender:race_origin  Male Others -  Female Others     112543.6    4.36   0.1936
gender:race_origin  Male Others -  Male White         78954.5    0.30  -0.1132
gender:race_origin  Male Others -  Female White       79817.0    2.35   0.0266
gender:race_origin  Female Others -  Male White       74889.7   -4.79  -0.4669
gender:race_origin  Female Others -  Female White     72395.7   -2.78  -0.3240
gender:race_origin  Male White -  Female White       115180.8    5.29   0.0890
                                                     Upper CI p-value    
gender:race_origin  Male Black -  Female Black         0.0888   0.640    
gender:race_origin  Male Black -  Male Hispanic        0.1279   0.789    
gender:race_origin  Male Black -  Female Hispanic      0.2641   0.116    
gender:race_origin  Male Black -  Male Others          0.1959   0.717    
gender:race_origin  Male Black -  Female Others        0.5485  <2e-16 ***
gender:race_origin  Male Black -  Male White           0.1653   0.383    
gender:race_origin  Male Black -  Female White         0.3084   0.001 ** 
gender:race_origin  Female Black -  Male Hispanic      0.1464   0.914    
gender:race_origin  Female Black -  Female Hispanic    0.2784   0.032 *  
gender:race_origin  Female Black -  Male Others        0.2145   0.464    
gender:race_origin  Female Black -  Female Others      0.5649  <2e-16 ***
gender:race_origin  Female Black -  Male White         0.1796   0.126    
gender:race_origin  Female Black -  Female White       0.3180  <2e-16 ***
gender:race_origin  Male Hispanic -  Female Hispanic   0.2499   0.016 *  
gender:race_origin  Male Hispanic -  Male Others       0.2145   0.544    
gender:race_origin  Male Hispanic -  Female Others     0.5684  <2e-16 ***
gender:race_origin  Male Hispanic -  Male White        0.1816   0.207    
gender:race_origin  Male Hispanic -  Female White      0.3262   3e-04 ***
gender:race_origin  Female Hispanic -  Male Others     0.0742   0.290    
gender:race_origin  Female Hispanic -  Female Others   0.4258   0.001 ** 
gender:race_origin  Female Hispanic -  Male White      0.0419   0.229    
gender:race_origin  Female Hispanic -  Female White    0.1801   0.165    
gender:race_origin  Male Others -  Female Others       0.5097  <2e-16 ***
gender:race_origin  Male Others -  Male White          0.1540   0.765    
gender:race_origin  Male Others -  Female White        0.2966   0.019 *  
gender:race_origin  Female Others -  Male White       -0.1956  <2e-16 ***
gender:race_origin  Female Others -  Female White     -0.0560   0.005 ** 
gender:race_origin  Male White -  Female White         0.1936  <2e-16 ***
---
Signif. codes:  0 ‘***’ 0.001 ‘**’ 0.01 ‘*’ 0.05 ‘.’ 0.1 ‘ ’ 1
[1] "#############################################################"
[1] "#############################################################"
[1] "race_origin:adult_disb"
[1] "#############################################################"
% latex table generated in R 3.3.1 by xtable 1.8-2 package
% Wed Mar  8 13:02:02 2017
\begin{table}[ht]
\centering
\begin{tabular}{lrrrrrr}
  \hline
Factor Levels & Est 1 & Std Err 1 & p-value 1 & Est 2 & Std Err 2 & p-value 2 \\ 
  \hline
  Black no -  Others no & -0.49 & 0.08 & 0.0000 & 0.30 & 0.07 & 0.0000 \\ 
    Black no -  White no & -0.93 & 0.05 & 0.0000 & 0.16 & 0.05 & 0.0008 \\ 
    Others no -  Black yes & 1.00 & 0.10 & 0.0000 & -0.29 & 0.09 & 0.0010 \\ 
    Others no -  Hispanic yes & 0.89 & 0.11 & 0.0000 & -0.28 & 0.09 & 0.0035 \\ 
    Others no -  White yes & 0.12 & 0.07 & 0.0878 & -0.17 & 0.06 & 0.0066 \\ 
    Hispanic no -  Others no & -0.45 & 0.08 & 0.0000 & 0.18 & 0.07 & 0.0088 \\ 
    Others no -  White no & -0.44 & 0.06 & 0.0000 & -0.14 & 0.06 & 0.0148 \\ 
    Black no -  White yes & -0.37 & 0.06 & 0.0000 & 0.12 & 0.06 & 0.0262 \\ 
    White no -  Black yes & 1.44 & 0.08 & 0.0000 & -0.15 & 0.07 & 0.0345 \\ 
    Black no -  Hispanic no & -0.04 & 0.07 & 0.5328 & 0.11 & 0.06 & 0.0627 \\ 
    White no -  Hispanic yes & 1.33 & 0.09 & 0.0000 & -0.14 & 0.08 & 0.0812 \\ 
    Black no -  Others yes & -0.06 & 0.11 & 0.5774 & 0.15 & 0.10 & 0.1193 \\ 
    Black yes -  White yes & -0.88 & 0.08 & 0.0000 & 0.11 & 0.07 & 0.1246 \\ 
    Others no -  Others yes & 0.43 & 0.12 & 0.0002 & -0.14 & 0.10 & 0.1705 \\ 
    Black yes -  Others yes & -0.57 & 0.12 & 0.0000 & 0.14 & 0.11 & 0.1845 \\ 
    Hispanic no -  Black yes & 0.55 & 0.09 & 0.0000 & -0.10 & 0.08 & 0.1965 \\ 
    Hispanic yes -  White yes & -0.77 & 0.09 & 0.0000 & 0.10 & 0.08 & 0.2029 \\ 
    Hispanic yes -  Others yes & -0.46 & 0.13 & 0.0003 & 0.13 & 0.11 & 0.2438 \\ 
    Hispanic no -  Hispanic yes & 0.44 & 0.10 & 0.0000 & -0.09 & 0.09 & 0.2905 \\ 
    White no -  White yes & 0.56 & 0.04 & 0.0000 & -0.04 & 0.04 & 0.3359 \\ 
    Hispanic no -  White no & -0.89 & 0.05 & 0.0000 & 0.04 & 0.05 & 0.3396 \\ 
    Hispanic no -  Others yes & -0.02 & 0.11 & 0.8663 & 0.04 & 0.10 & 0.6885 \\ 
    Others yes -  White yes & -0.31 & 0.10 & 0.0029 & -0.03 & 0.09 & 0.7329 \\ 
    Black no -  Hispanic yes & 0.40 & 0.10 & 0.0001 & 0.02 & 0.09 & 0.8183 \\ 
    Hispanic no -  White yes & -0.33 & 0.06 & 0.0000 & 0.01 & 0.05 & 0.8813 \\ 
    Black no -  Black yes & 0.51 & 0.09 & 0.0000 & 0.01 & 0.08 & 0.9069 \\ 
    Black yes -  Hispanic yes & -0.11 & 0.11 & 0.3524 & 0.01 & 0.10 & 0.9127 \\ 
    White no -  Others yes & 0.87 & 0.10 & 0.0000 & -0.00 & 0.09 & 0.9615 \\ 
   \hline
\end{tabular}
\caption{Post-hoc Tukey test of race_origin:adult_disb} 
\end{table}
Differences of LSMEANS:
                                                    Estimate Standard Error
race_origin:adult_disb  Black no -  Hispanic no          0.0       6.96e-02
race_origin:adult_disb  Black no -  Others no           -0.5       7.93e-02
race_origin:adult_disb  Black no -  White no            -0.9       5.40e-02
race_origin:adult_disb  Black no -  Black yes            0.5       9.20e-02
race_origin:adult_disb  Black no -  Hispanic yes         0.4       1.01e-01
race_origin:adult_disb  Black no -  Others yes          -0.1       1.12e-01
race_origin:adult_disb  Black no -  White yes           -0.4       6.36e-02
race_origin:adult_disb  Hispanic no -  Others no        -0.4       7.83e-02
race_origin:adult_disb  Hispanic no -  White no         -0.9       5.16e-02
race_origin:adult_disb  Hispanic no -  Black yes         0.6       9.26e-02
race_origin:adult_disb  Hispanic no -  Hispanic yes      0.4       1.00e-01
race_origin:adult_disb  Hispanic no -  Others yes        0.0       1.11e-01
race_origin:adult_disb  Hispanic no -  White yes        -0.3       6.27e-02
race_origin:adult_disb  Others no -  White no           -0.4       6.41e-02
race_origin:adult_disb  Others no -  Black yes           1.0       1.00e-01
race_origin:adult_disb  Others no -  Hispanic yes        0.9       1.07e-01
race_origin:adult_disb  Others no -  Others yes          0.4       1.17e-01
race_origin:adult_disb  Others no -  White yes           0.1       7.31e-02
race_origin:adult_disb  White no -  Black yes            1.4       8.08e-02
race_origin:adult_disb  White no -  Hispanic yes         1.3       8.92e-02
race_origin:adult_disb  White no -  Others yes           0.9       1.01e-01
race_origin:adult_disb  White no -  White yes            0.6       4.32e-02
race_origin:adult_disb  Black yes -  Hispanic yes       -0.1       1.15e-01
race_origin:adult_disb  Black yes -  Others yes         -0.6       1.22e-01
race_origin:adult_disb  Black yes -  White yes          -0.9       8.42e-02
race_origin:adult_disb  Hispanic yes -  Others yes      -0.5       1.28e-01
race_origin:adult_disb  Hispanic yes -  White yes       -0.8       8.97e-02
race_origin:adult_disb  Others yes -  White yes         -0.3       1.03e-01
                                                         DF t-value Lower CI
race_origin:adult_disb  Black no -  Hispanic no     57735.0   -0.62  -0.1799
race_origin:adult_disb  Black no -  Others no       58123.0   -6.22  -0.6487
race_origin:adult_disb  Black no -  White no        46923.8  -17.21  -1.0351
race_origin:adult_disb  Black no -  Black yes       45485.0    5.51   0.3270
race_origin:adult_disb  Black no -  Hispanic yes    59428.5    3.99   0.2038
race_origin:adult_disb  Black no -  Others yes      62079.2   -0.56  -0.2807
race_origin:adult_disb  Black no -  White yes       42899.6   -5.80  -0.4931
race_origin:adult_disb  Hispanic no -  Others no    69028.9   -5.75  -0.6032
race_origin:adult_disb  Hispanic no -  White no     72919.8  -17.18  -0.9869
race_origin:adult_disb  Hispanic no -  Black yes    52099.8    5.95   0.3693
race_origin:adult_disb  Hispanic no -  Hispanic yes 65058.8    4.44   0.2484
race_origin:adult_disb  Hispanic no -  Others yes   67136.6   -0.17  -0.2365
race_origin:adult_disb  Hispanic no -  White yes    52750.6   -5.18  -0.4479
race_origin:adult_disb  Others no -  White no       64358.6   -6.81  -0.5616
race_origin:adult_disb  Others no -  Black yes      52529.1   10.01   0.8047
race_origin:adult_disb  Others no -  Hispanic yes   63800.9    8.37   0.6848
race_origin:adult_disb  Others no -  Others yes     65633.9    3.67   0.2010
race_origin:adult_disb  Others no -  White yes      53221.3    1.71  -0.0185
race_origin:adult_disb  White no -  Black yes       47176.6   17.79   1.2784
race_origin:adult_disb  White no -  Hispanic yes    63233.0   14.92   1.1555
race_origin:adult_disb  White no -  Others yes      65845.4    8.55   0.6683
race_origin:adult_disb  White no -  White yes       38027.7   12.98   0.4761
race_origin:adult_disb  Black yes -  Hispanic yes   57873.4   -0.93  -0.3308
race_origin:adult_disb  Black yes -  Others yes     67257.6   -4.65  -0.8096
race_origin:adult_disb  Black yes -  White yes      50106.1  -10.40  -1.0410
race_origin:adult_disb  Hispanic yes -  Others yes  75751.6   -3.62  -0.7140
race_origin:adult_disb  Hispanic yes -  White yes   74226.3   -8.58  -0.9453
race_origin:adult_disb  Others yes -  White yes     73408.5   -2.97  -0.5082
                                                    Upper CI p-value    
race_origin:adult_disb  Black no -  Hispanic no        0.093   0.533    
race_origin:adult_disb  Black no -  Others no         -0.338  <2e-16 ***
race_origin:adult_disb  Black no -  White no          -0.823  <2e-16 ***
race_origin:adult_disb  Black no -  Black yes          0.688  <2e-16 ***
race_origin:adult_disb  Black no -  Hispanic yes       0.598   1e-04 ***
race_origin:adult_disb  Black no -  Others yes         0.156   0.577    
race_origin:adult_disb  Black no -  White yes         -0.244  <2e-16 ***
race_origin:adult_disb  Hispanic no -  Others no      -0.296  <2e-16 ***
race_origin:adult_disb  Hispanic no -  White no       -0.785  <2e-16 ***
race_origin:adult_disb  Hispanic no -  Black yes       0.732  <2e-16 ***
race_origin:adult_disb  Hispanic no -  Hispanic yes    0.640  <2e-16 ***
race_origin:adult_disb  Hispanic no -  Others yes      0.199   0.866    
race_origin:adult_disb  Hispanic no -  White yes      -0.202  <2e-16 ***
race_origin:adult_disb  Others no -  White no         -0.310  <2e-16 ***
race_origin:adult_disb  Others no -  Black yes         1.197  <2e-16 ***
race_origin:adult_disb  Others no -  Hispanic yes      1.104  <2e-16 ***
race_origin:adult_disb  Others no -  Others yes        0.661   2e-04 ***
race_origin:adult_disb  Others no -  White yes         0.268   0.088 .  
race_origin:adult_disb  White no -  Black yes          1.595  <2e-16 ***
race_origin:adult_disb  White no -  Hispanic yes       1.505  <2e-16 ***
race_origin:adult_disb  White no -  Others yes         1.066  <2e-16 ***
race_origin:adult_disb  White no -  White yes          0.645  <2e-16 ***
race_origin:adult_disb  Black yes -  Hispanic yes      0.118   0.352    
race_origin:adult_disb  Black yes -  Others yes       -0.330  <2e-16 ***
race_origin:adult_disb  Black yes -  White yes        -0.711  <2e-16 ***
race_origin:adult_disb  Hispanic yes -  Others yes    -0.212   3e-04 ***
race_origin:adult_disb  Hispanic yes -  White yes     -0.594  <2e-16 ***
race_origin:adult_disb  Others yes -  White yes       -0.104   0.003 ** 
---
Signif. codes:  0 ‘***’ 0.001 ‘**’ 0.01 ‘*’ 0.05 ‘.’ 0.1 ‘ ’ 1
Differences of LSMEANS:
                                                    Estimate Standard Error
race_origin:adult_disb  Black no -  Hispanic no          0.1       6.13e-02
race_origin:adult_disb  Black no -  Others no            0.3       6.98e-02
race_origin:adult_disb  Black no -  White no             0.2       4.69e-02
race_origin:adult_disb  Black no -  Black yes            0.0       7.99e-02
race_origin:adult_disb  Black no -  Hispanic yes         0.0       8.87e-02
race_origin:adult_disb  Black no -  Others yes           0.2       9.86e-02
race_origin:adult_disb  Black no -  White yes            0.1       5.50e-02
race_origin:adult_disb  Hispanic no -  Others no         0.2       6.96e-02
race_origin:adult_disb  Hispanic no -  White no          0.0       4.59e-02
race_origin:adult_disb  Hispanic no -  Black yes        -0.1       8.11e-02
race_origin:adult_disb  Hispanic no -  Hispanic yes     -0.1       8.86e-02
race_origin:adult_disb  Hispanic no -  Others yes        0.0       9.86e-02
race_origin:adult_disb  Hispanic no -  White yes         0.0       5.49e-02
race_origin:adult_disb  Others no -  White no           -0.1       5.67e-02
race_origin:adult_disb  Others no -  Black yes          -0.3       8.75e-02
race_origin:adult_disb  Others no -  Hispanic yes       -0.3       9.46e-02
race_origin:adult_disb  Others no -  Others yes         -0.1       1.04e-01
race_origin:adult_disb  Others no -  White yes          -0.2       6.40e-02
race_origin:adult_disb  White no -  Black yes           -0.1       7.03e-02
race_origin:adult_disb  White no -  Hispanic yes        -0.1       7.89e-02
race_origin:adult_disb  White no -  Others yes           0.0       9.00e-02
race_origin:adult_disb  White no -  White yes            0.0       3.71e-02
race_origin:adult_disb  Black yes -  Hispanic yes        0.0       1.01e-01
race_origin:adult_disb  Black yes -  Others yes          0.1       1.09e-01
race_origin:adult_disb  Black yes -  White yes           0.1       7.35e-02
race_origin:adult_disb  Hispanic yes -  Others yes       0.1       1.14e-01
race_origin:adult_disb  Hispanic yes -  White yes        0.1       8.00e-02
race_origin:adult_disb  Others yes -  White yes          0.0       9.18e-02
                                                         DF t-value Lower CI
race_origin:adult_disb  Black no -  Hispanic no     52876.9    1.86  -0.0061
race_origin:adult_disb  Black no -  Others no       53071.4    4.24   0.1594
race_origin:adult_disb  Black no -  White no        45147.7    3.36   0.0659
race_origin:adult_disb  Black no -  Black yes       44099.1    0.12  -0.1472
race_origin:adult_disb  Black no -  Hispanic yes    54493.4    0.23  -0.1535
race_origin:adult_disb  Black no -  Others yes      56645.8    1.56  -0.0397
race_origin:adult_disb  Black no -  White yes       42443.2    2.22   0.0145
race_origin:adult_disb  Hispanic no -  Others no    59982.7    2.62   0.0458
race_origin:adult_disb  Hispanic no -  White no     62304.5    0.96  -0.0462
race_origin:adult_disb  Hispanic no -  Black yes    49354.2   -1.29  -0.2637
race_origin:adult_disb  Hispanic no -  Hispanic yes 57980.4   -1.06  -0.2674
race_origin:adult_disb  Hispanic no -  Others yes   59804.6    0.40  -0.1538
race_origin:adult_disb  Hispanic no -  White yes    49794.0    0.15  -0.0995
race_origin:adult_disb  Others no -  White no       56839.2   -2.44  -0.2495
race_origin:adult_disb  Others no -  Black yes      49542.3   -3.28  -0.4585
race_origin:adult_disb  Others no -  Hispanic yes   57138.5   -2.92  -0.4613
race_origin:adult_disb  Others no -  Others yes     58582.1   -1.37  -0.3466
race_origin:adult_disb  Others no -  White yes      49931.3   -2.72  -0.2995
race_origin:adult_disb  White no -  Black yes       45843.9   -2.11  -0.2864
race_origin:adult_disb  White no -  Hispanic yes    57028.6   -1.74  -0.2922
race_origin:adult_disb  White no -  Others yes      59187.3   -0.05  -0.1807
race_origin:adult_disb  White no -  White yes       38607.8   -0.96  -0.1084
race_origin:adult_disb  Black yes -  Hispanic yes   52837.6    0.11  -0.1864
race_origin:adult_disb  Black yes -  Others yes     59956.2    1.33  -0.0688
race_origin:adult_disb  Black yes -  White yes      47514.1    1.54  -0.0312
race_origin:adult_disb  Hispanic yes -  Others yes  64935.5    1.17  -0.0908
race_origin:adult_disb  Hispanic yes -  White yes   63358.3    1.27  -0.0550
race_origin:adult_disb  Others yes -  White yes     63537.8   -0.34  -0.2114
                                                    Upper CI p-value    
race_origin:adult_disb  Black no -  Hispanic no       0.2342   0.063 .  
race_origin:adult_disb  Black no -  Others no         0.4331  <2e-16 ***
race_origin:adult_disb  Black no -  White no          0.2500   8e-04 ***
race_origin:adult_disb  Black no -  Black yes         0.1659   0.907    
race_origin:adult_disb  Black no -  Hispanic yes      0.1943   0.818    
race_origin:adult_disb  Black no -  Others yes        0.3469   0.119    
race_origin:adult_disb  Black no -  White yes         0.2300   0.026 *  
race_origin:adult_disb  Hispanic no -  Others no      0.3185   0.009 ** 
race_origin:adult_disb  Hispanic no -  White no       0.1339   0.340    
race_origin:adult_disb  Hispanic no -  Black yes      0.0542   0.197    
race_origin:adult_disb  Hispanic no -  Hispanic yes   0.0800   0.290    
race_origin:adult_disb  Hispanic no -  Others yes     0.2329   0.689    
race_origin:adult_disb  Hispanic no -  White yes      0.1159   0.881    
race_origin:adult_disb  Others no -  White no        -0.0271   0.015 *  
race_origin:adult_disb  Others no -  Black yes       -0.1154   0.001 ***
race_origin:adult_disb  Others no -  Hispanic yes    -0.0905   0.004 ** 
race_origin:adult_disb  Others no -  Others yes       0.0613   0.171    
race_origin:adult_disb  Others no -  White yes       -0.0485   0.007 ** 
race_origin:adult_disb  White no -  Black yes        -0.0108   0.035 *  
race_origin:adult_disb  White no -  Hispanic yes      0.0171   0.081 .  
race_origin:adult_disb  White no -  Others yes        0.1720   0.962    
race_origin:adult_disb  White no -  White yes         0.0370   0.336    
race_origin:adult_disb  Black yes -  Hispanic yes     0.2085   0.913    
race_origin:adult_disb  Black yes -  Others yes       0.3574   0.184    
race_origin:adult_disb  Black yes -  White yes        0.2571   0.125    
race_origin:adult_disb  Hispanic yes -  Others yes    0.3573   0.244    
race_origin:adult_disb  Hispanic yes -  White yes     0.2587   0.203    
race_origin:adult_disb  Others yes -  White yes       0.1487   0.733    
---
Signif. codes:  0 ‘***’ 0.001 ‘**’ 0.01 ‘*’ 0.05 ‘.’ 0.1 ‘ ’ 1
[1] "#############################################################"
[1] "#############################################################"
[1] "gender:adult_disb"
[1] "#############################################################"
% latex table generated in R 3.3.1 by xtable 1.8-2 package
% Wed Mar  8 13:08:48 2017
\begin{table}[ht]
\centering
\begin{tabular}{lrrrrrr}
  \hline
Factor Levels & Est 1 & Std Err 1 & p-value 1 & Est 2 & Std Err 2 & p-value 2 \\ 
  \hline
  Male no -  Female no & 0.52 & 0.03 & 0.0000 & 0.18 & 0.03 & 0.0000 \\ 
    Female no -  Male yes & 0.07 & 0.06 & 0.2366 & -0.22 & 0.06 & 0.0001 \\ 
    Male yes -  Female yes & 0.30 & 0.05 & 0.0000 & 0.12 & 0.04 & 0.0071 \\ 
    Female no -  Female yes & 0.37 & 0.05 & 0.0000 & -0.10 & 0.05 & 0.0450 \\ 
    Male no -  Female yes & 0.90 & 0.06 & 0.0000 & 0.09 & 0.05 & 0.0993 \\ 
    Male no -  Male yes & 0.60 & 0.06 & 0.0000 & -0.04 & 0.05 & 0.4796 \\ 
   \hline
\end{tabular}
\caption{Post-hoc Tukey test of gender:adult_disb} 
\end{table}
Differences of LSMEANS:
                                           Estimate Standard Error       DF
gender:adult_disb  Male no -  Female no         0.5       3.43e-02 154738.5
gender:adult_disb  Male no -  Male yes          0.6       5.75e-02  58362.3
gender:adult_disb  Male no -  Female yes        0.9       5.84e-02  59489.6
gender:adult_disb  Female no -  Male yes        0.1       6.20e-02  66344.9
gender:adult_disb  Female no -  Female yes      0.4       5.44e-02  51885.7
gender:adult_disb  Male yes -  Female yes       0.3       4.85e-02 166325.9
                                           t-value Lower CI Upper CI p-value
gender:adult_disb  Male no -  Female no      15.26   0.4569    0.592  <2e-16
gender:adult_disb  Male no -  Male yes       10.40   0.4850    0.710  <2e-16
gender:adult_disb  Male no -  Female yes     15.39   0.7841    1.013  <2e-16
gender:adult_disb  Female no -  Male yes      1.18  -0.0481    0.195     0.2
gender:adult_disb  Female no -  Female yes    6.88   0.2677    0.481  <2e-16
gender:adult_disb  Male yes -  Female yes     6.21   0.2059    0.396  <2e-16
                                              
gender:adult_disb  Male no -  Female no    ***
gender:adult_disb  Male no -  Male yes     ***
gender:adult_disb  Male no -  Female yes   ***
gender:adult_disb  Female no -  Male yes      
gender:adult_disb  Female no -  Female yes ***
gender:adult_disb  Male yes -  Female yes  ***
---
Signif. codes:  0 ‘***’ 0.001 ‘**’ 0.01 ‘*’ 0.05 ‘.’ 0.1 ‘ ’ 1
Differences of LSMEANS:
                                           Estimate Standard Error       DF
gender:adult_disb  Male no -  Female no         0.2       3.17e-02 119965.1
gender:adult_disb  Male no -  Male yes          0.0       5.07e-02  56552.9
gender:adult_disb  Male no -  Female yes        0.1       5.16e-02  57492.4
gender:adult_disb  Female no -  Male yes       -0.2       5.51e-02  63580.1
gender:adult_disb  Female no -  Female yes     -0.1       4.76e-02  50628.6
gender:adult_disb  Male yes -  Female yes       0.1       4.49e-02 128130.1
                                           t-value Lower CI Upper CI p-value
gender:adult_disb  Male no -  Female no       5.69   0.1183   0.2427  <2e-16
gender:adult_disb  Male no -  Male yes       -0.71  -0.1352   0.0635   0.480
gender:adult_disb  Male no -  Female yes      1.65  -0.0161   0.1861   0.099
gender:adult_disb  Female no -  Male yes     -3.92  -0.3244  -0.1083   1e-04
gender:adult_disb  Female no -  Female yes   -2.00  -0.1888  -0.0021   0.045
gender:adult_disb  Male yes -  Female yes     2.69   0.0328   0.2089   0.007
                                              
gender:adult_disb  Male no -  Female no    ***
gender:adult_disb  Male no -  Male yes        
gender:adult_disb  Male no -  Female yes   .  
gender:adult_disb  Female no -  Male yes   ***
gender:adult_disb  Female no -  Female yes *  
gender:adult_disb  Male yes -  Female yes  ** 
---
Signif. codes:  0 ‘***’ 0.001 ‘**’ 0.01 ‘*’ 0.05 ‘.’ 0.1 ‘ ’ 1
[1] "#############################################################"
[1] "#############################################################"
[1] "ms:adult_disb"
[1] "#############################################################"
% latex table generated in R 3.3.1 by xtable 1.8-2 package
% Wed Mar  8 13:15:34 2017
\begin{table}[ht]
\centering
\begin{tabular}{lrrrrrr}
  \hline
Factor Levels & Est 1 & Std Err 1 & p-value 1 & Est 2 & Std Err 2 & p-value 2 \\ 
  \hline
  Married no -  Not married no & 0.50 & 0.03 & 0.0000 & 0.25 & 0.02 & 0.0000 \\ 
    Married yes -  Not married yes & 0.50 & 0.04 & 0.0000 & 0.19 & 0.04 & 0.0000 \\ 
    Not married no -  Married yes & -0.02 & 0.06 & 0.7627 & -0.29 & 0.05 & 0.0000 \\ 
    Married no -  Not married yes & 0.99 & 0.06 & 0.0000 & 0.16 & 0.05 & 0.0020 \\ 
    Not married no -  Not married yes & 0.49 & 0.05 & 0.0000 & -0.10 & 0.05 & 0.0443 \\ 
    Married no -  Married yes & 0.48 & 0.05 & 0.0000 & -0.04 & 0.05 & 0.4381 \\ 
   \hline
\end{tabular}
\caption{Post-hoc Tukey test of ms:adult_disb} 
\end{table}
Differences of LSMEANS:
                                                 Estimate Standard Error
ms:adult_disb  Married no -  Not married no           0.5       2.56e-02
ms:adult_disb  Married no -  Married yes              0.5       5.31e-02
ms:adult_disb  Married no -  Not married yes          1.0       5.66e-02
ms:adult_disb  Not married no -  Married yes          0.0       5.56e-02
ms:adult_disb  Not married no -  Not married yes      0.5       5.37e-02
ms:adult_disb  Married yes -  Not married yes         0.5       3.69e-02
                                                       DF t-value Lower CI
ms:adult_disb  Married no -  Not married no      372402.7   19.54    0.451
ms:adult_disb  Married no -  Married yes          52935.5    9.11    0.380
ms:adult_disb  Married no -  Not married yes      64203.6   17.46    0.878
ms:adult_disb  Not married no -  Married yes      60075.1   -0.30   -0.126
ms:adult_disb  Not married no -  Not married yes  55890.1    9.08    0.383
ms:adult_disb  Married yes -  Not married yes    373345.7   13.66    0.432
                                                 Upper CI p-value    
ms:adult_disb  Married no -  Not married no        0.5511  <2e-16 ***
ms:adult_disb  Married no -  Married yes           0.5882  <2e-16 ***
ms:adult_disb  Married no -  Not married yes       1.0996  <2e-16 ***
ms:adult_disb  Not married no -  Married yes       0.0921     0.8    
ms:adult_disb  Not married no -  Not married yes   0.5930  <2e-16 ***
ms:adult_disb  Married yes -  Not married yes      0.5770  <2e-16 ***
---
Signif. codes:  0 ‘***’ 0.001 ‘**’ 0.01 ‘*’ 0.05 ‘.’ 0.1 ‘ ’ 1
Differences of LSMEANS:
                                                 Estimate Standard Error
ms:adult_disb  Married no -  Not married no           0.3       2.45e-02
ms:adult_disb  Married no -  Married yes              0.0       4.66e-02
ms:adult_disb  Married no -  Not married yes          0.2       5.03e-02
ms:adult_disb  Not married no -  Married yes         -0.3       4.92e-02
ms:adult_disb  Not married no -  Not married yes     -0.1       4.73e-02
ms:adult_disb  Married yes -  Not married yes         0.2       3.54e-02
                                                       DF t-value Lower CI
ms:adult_disb  Married no -  Not married no      293996.7   10.20   0.2023
ms:adult_disb  Married no -  Married yes          52863.0   -0.78  -0.1276
ms:adult_disb  Married no -  Not married yes      65189.0    3.08   0.0566
ms:adult_disb  Not married no -  Married yes      60537.1   -5.83  -0.3830
ms:adult_disb  Not married no -  Not married yes  56461.3   -2.01  -0.1879
ms:adult_disb  Married yes -  Not married yes    294624.8    5.41   0.1221
                                                 Upper CI p-value    
ms:adult_disb  Married no -  Not married no        0.2986  <2e-16 ***
ms:adult_disb  Married no -  Married yes           0.0552   0.438    
ms:adult_disb  Married no -  Not married yes       0.2540   0.002 ** 
ms:adult_disb  Not married no -  Married yes      -0.1902  <2e-16 ***
ms:adult_disb  Not married no -  Not married yes  -0.0024   0.044 *  
ms:adult_disb  Married yes -  Not married yes      0.2608  <2e-16 ***
---
Signif. codes:  0 ‘***’ 0.001 ‘**’ 0.01 ‘*’ 0.05 ‘.’ 0.1 ‘ ’ 1
[1] "#############################################################"
[1] "#############################################################"
[1] "gender:ms:adult_disb"
[1] "#############################################################"
Error in `[.data.frame`(ttplot, , c("levels", "Estimate", "col.bars",  : 
  undefined columns selected
Error in `[.data.frame`(ttplot, , c("levels", "Estimate", "col.bars",  : 
  undefined columns selected
% latex table generated in R 3.3.1 by xtable 1.8-2 package
% Wed Mar  8 13:17:53 2017
\begin{table}[ht]
\centering
\begin{tabular}{lllllll}
  \hline
Factor Levels & Est 1 & Std Err 1 & p-value 1 & Est 2 & Std Err 2 & p-value 2 \\ 
  \hline
\hline
\end{tabular}
\caption{Post-hoc Tukey test of gender:ms:adult_disb} 
\end{table}
Differences of LSMEANS:
     Estimate Standard Error DF t-value Lower CI Upper CI p-value
Differences of LSMEANS:
     Estimate Standard Error DF t-value Lower CI Upper CI p-value
[1] "#############################################################"
[1] "#############################################################"
[1] "adult_disb:education"
[1] "#############################################################"
% latex table generated in R 3.3.1 by xtable 1.8-2 package
% Wed Mar  8 13:31:29 2017
\begin{table}[ht]
\centering
\begin{tabular}{lrrrrrr}
  \hline
Factor Levels & Est 1 & Std Err 1 & p-value 1 & Est 2 & Std Err 2 & p-value 2 \\ 
  \hline
  no Some college, diploma, assoc -  no Bachelors or higher & -1.35 & 0.03 & 0.0000 & -0.10 & 0.03 & 0.0002 \\ 
    no Some college, diploma, assoc -  yes Bachelors or higher & -0.75 & 0.07 & 0.0000 & -0.16 & 0.06 & 0.0090 \\ 
    no High School or less -  no Some college, diploma, assoc & -0.52 & 0.03 & 0.0000 & 0.06 & 0.03 & 0.0141 \\ 
    no Some college, diploma, assoc -  yes Some college, diploma, assoc & 0.48 & 0.06 & 0.0000 & -0.11 & 0.05 & 0.0297 \\ 
    yes High School or less -  no Some college, diploma, assoc & -0.90 & 0.06 & 0.0000 & 0.09 & 0.05 & 0.0783 \\ 
    no High School or less -  yes Bachelors or higher & -1.28 & 0.07 & 0.0000 & -0.10 & 0.06 & 0.1152 \\ 
    no High School or less -  no Bachelors or higher & -1.87 & 0.03 & 0.0000 & -0.04 & 0.03 & 0.1950 \\ 
    yes High School or less -  yes Bachelors or higher & -1.66 & 0.06 & 0.0000 & -0.07 & 0.06 & 0.2040 \\ 
    no Bachelors or higher -  yes Bachelors or higher & 0.60 & 0.07 & 0.0000 & -0.06 & 0.06 & 0.3495 \\ 
    no High School or less -  yes Some college, diploma, assoc & -0.04 & 0.06 & 0.5078 & -0.05 & 0.05 & 0.3525 \\ 
    yes Some college, diploma, assoc -  yes Bachelors or higher & -1.24 & 0.06 & 0.0000 & -0.05 & 0.06 & 0.3737 \\ 
    yes High School or less -  yes Some college, diploma, assoc & -0.42 & 0.05 & 0.0000 & -0.02 & 0.05 & 0.5944 \\ 
    no High School or less -  yes High School or less & 0.38 & 0.06 & 0.0000 & -0.02 & 0.05 & 0.6311 \\ 
    yes High School or less -  no Bachelors or higher & -2.25 & 0.06 & 0.0000 & -0.01 & 0.05 & 0.7743 \\ 
    yes Some college, diploma, assoc -  no Bachelors or higher & -1.83 & 0.06 & 0.0000 & 0.01 & 0.05 & 0.8611 \\ 
   \hline
\end{tabular}
\caption{Post-hoc Tukey test of adult_disb:education} 
\end{table}
Differences of LSMEANS:
                                                                                          Estimate
adult_disb:education  no High School or less -  yes High School or less                        0.4
adult_disb:education  no High School or less -  no Some college, diploma, assoc               -0.5
adult_disb:education  no High School or less -  yes Some college, diploma, assoc               0.0
adult_disb:education  no High School or less -  no Bachelors or higher                        -1.9
adult_disb:education  no High School or less -  yes Bachelors or higher                       -1.3
adult_disb:education  yes High School or less -  no Some college, diploma, assoc              -0.9
adult_disb:education  yes High School or less -  yes Some college, diploma, assoc             -0.4
adult_disb:education  yes High School or less -  no Bachelors or higher                       -2.3
adult_disb:education  yes High School or less -  yes Bachelors or higher                      -1.7
adult_disb:education  no Some college, diploma, assoc -  yes Some college, diploma, assoc      0.5
adult_disb:education  no Some college, diploma, assoc -  no Bachelors or higher               -1.3
adult_disb:education  no Some college, diploma, assoc -  yes Bachelors or higher              -0.8
adult_disb:education  yes Some college, diploma, assoc -  no Bachelors or higher              -1.8
adult_disb:education  yes Some college, diploma, assoc -  yes Bachelors or higher             -1.2
adult_disb:education  no Bachelors or higher -  yes Bachelors or higher                        0.6
                                                                                          Standard Error
adult_disb:education  no High School or less -  yes High School or less                         5.76e-02
adult_disb:education  no High School or less -  no Some college, diploma, assoc                 2.86e-02
adult_disb:education  no High School or less -  yes Some college, diploma, assoc                5.89e-02
adult_disb:education  no High School or less -  no Bachelors or higher                          3.33e-02
adult_disb:education  no High School or less -  yes Bachelors or higher                         7.01e-02
adult_disb:education  yes High School or less -  no Some college, diploma, assoc                5.76e-02
adult_disb:education  yes High School or less -  yes Some college, diploma, assoc               4.91e-02
adult_disb:education  yes High School or less -  no Bachelors or higher                         5.88e-02
adult_disb:education  yes High School or less -  yes Bachelors or higher                        6.39e-02
adult_disb:education  no Some college, diploma, assoc -  yes Some college, diploma, assoc       5.89e-02
adult_disb:education  no Some college, diploma, assoc -  no Bachelors or higher                 3.01e-02
adult_disb:education  no Some college, diploma, assoc -  yes Bachelors or higher                7.01e-02
adult_disb:education  yes Some college, diploma, assoc -  no Bachelors or higher                6.01e-02
adult_disb:education  yes Some college, diploma, assoc -  yes Bachelors or higher               6.11e-02
adult_disb:education  no Bachelors or higher -  yes Bachelors or higher                         7.11e-02
                                                                                                DF
adult_disb:education  no High School or less -  yes High School or less                    54648.7
adult_disb:education  no High School or less -  no Some college, diploma, assoc           161614.7
adult_disb:education  no High School or less -  yes Some college, diploma, assoc           60026.7
adult_disb:education  no High School or less -  no Bachelors or higher                    104917.9
adult_disb:education  no High School or less -  yes Bachelors or higher                    71103.6
adult_disb:education  yes High School or less -  no Some college, diploma, assoc           56172.8
adult_disb:education  yes High School or less -  yes Some college, diploma, assoc         150246.1
adult_disb:education  yes High School or less -  no Bachelors or higher                    56048.5
adult_disb:education  yes High School or less -  yes Bachelors or higher                  120153.3
adult_disb:education  no Some college, diploma, assoc -  yes Some college, diploma, assoc  61713.3
adult_disb:education  no Some college, diploma, assoc -  no Bachelors or higher           140706.3
adult_disb:education  no Some college, diploma, assoc -  yes Bachelors or higher           72607.8
adult_disb:education  yes Some college, diploma, assoc -  no Bachelors or higher           61328.1
adult_disb:education  yes Some college, diploma, assoc -  yes Bachelors or higher         142946.6
adult_disb:education  no Bachelors or higher -  yes Bachelors or higher                    71900.3
                                                                                          t-value
adult_disb:education  no High School or less -  yes High School or less                      6.61
adult_disb:education  no High School or less -  no Some college, diploma, assoc            -18.25
adult_disb:education  no High School or less -  yes Some college, diploma, assoc            -0.66
adult_disb:education  no High School or less -  no Bachelors or higher                     -56.22
adult_disb:education  no High School or less -  yes Bachelors or higher                    -18.20
adult_disb:education  yes High School or less -  no Some college, diploma, assoc           -15.67
adult_disb:education  yes High School or less -  yes Some college, diploma, assoc           -8.54
adult_disb:education  yes High School or less -  no Bachelors or higher                    -38.29
adult_disb:education  yes High School or less -  yes Bachelors or higher                   -25.90
adult_disb:education  no Some college, diploma, assoc -  yes Some college, diploma, assoc    8.19
adult_disb:education  no Some college, diploma, assoc -  no Bachelors or higher            -44.82
adult_disb:education  no Some college, diploma, assoc -  yes Bachelors or higher           -10.77
adult_disb:education  yes Some college, diploma, assoc -  no Bachelors or higher           -30.48
adult_disb:education  yes Some college, diploma, assoc -  yes Bachelors or higher          -20.24
adult_disb:education  no Bachelors or higher -  yes Bachelors or higher                      8.37
                                                                                          Lower CI
adult_disb:education  no High School or less -  yes High School or less                      0.268
adult_disb:education  no High School or less -  no Some college, diploma, assoc             -0.577
adult_disb:education  no High School or less -  yes Some college, diploma, assoc            -0.155
adult_disb:education  no High School or less -  no Bachelors or higher                      -1.936
adult_disb:education  no High School or less -  yes Bachelors or higher                     -1.413
adult_disb:education  yes High School or less -  no Some college, diploma, assoc            -1.015
adult_disb:education  yes High School or less -  yes Some college, diploma, assoc           -0.516
adult_disb:education  yes High School or less -  no Bachelors or higher                     -2.366
adult_disb:education  yes High School or less -  yes Bachelors or higher                    -1.781
adult_disb:education  no Some college, diploma, assoc -  yes Some college, diploma, assoc    0.367
adult_disb:education  no Some college, diploma, assoc -  no Bachelors or higher             -1.408
adult_disb:education  no Some college, diploma, assoc -  yes Bachelors or higher            -0.892
adult_disb:education  yes Some college, diploma, assoc -  no Bachelors or higher            -1.949
adult_disb:education  yes Some college, diploma, assoc -  yes Bachelors or higher           -1.356
adult_disb:education  no Bachelors or higher -  yes Bachelors or higher                      0.456
                                                                                          Upper CI
adult_disb:education  no High School or less -  yes High School or less                     0.4935
adult_disb:education  no High School or less -  no Some college, diploma, assoc            -0.4652
adult_disb:education  no High School or less -  yes Some college, diploma, assoc            0.0765
adult_disb:education  no High School or less -  no Bachelors or higher                     -1.8054
adult_disb:education  no High School or less -  yes Bachelors or higher                    -1.1382
adult_disb:education  yes High School or less -  no Some college, diploma, assoc           -0.7890
adult_disb:education  yes High School or less -  yes Some college, diploma, assoc          -0.3233
adult_disb:education  yes High School or less -  no Bachelors or higher                    -2.1360
adult_disb:education  yes High School or less -  yes Bachelors or higher                   -1.5308
adult_disb:education  no Some college, diploma, assoc -  yes Some college, diploma, assoc   0.5976
adult_disb:education  no Some college, diploma, assoc -  no Bachelors or higher            -1.2904
adult_disb:education  no Some college, diploma, assoc -  yes Bachelors or higher           -0.6170
adult_disb:education  yes Some college, diploma, assoc -  no Bachelors or higher           -1.7138
adult_disb:education  yes Some college, diploma, assoc -  yes Bachelors or higher          -1.1168
adult_disb:education  no Bachelors or higher -  yes Bachelors or higher                     0.7344
                                                                                          p-value
adult_disb:education  no High School or less -  yes High School or less                    <2e-16
adult_disb:education  no High School or less -  no Some college, diploma, assoc            <2e-16
adult_disb:education  no High School or less -  yes Some college, diploma, assoc              0.5
adult_disb:education  no High School or less -  no Bachelors or higher                     <2e-16
adult_disb:education  no High School or less -  yes Bachelors or higher                    <2e-16
adult_disb:education  yes High School or less -  no Some college, diploma, assoc           <2e-16
adult_disb:education  yes High School or less -  yes Some college, diploma, assoc          <2e-16
adult_disb:education  yes High School or less -  no Bachelors or higher                    <2e-16
adult_disb:education  yes High School or less -  yes Bachelors or higher                   <2e-16
adult_disb:education  no Some college, diploma, assoc -  yes Some college, diploma, assoc  <2e-16
adult_disb:education  no Some college, diploma, assoc -  no Bachelors or higher            <2e-16
adult_disb:education  no Some college, diploma, assoc -  yes Bachelors or higher           <2e-16
adult_disb:education  yes Some college, diploma, assoc -  no Bachelors or higher           <2e-16
adult_disb:education  yes Some college, diploma, assoc -  yes Bachelors or higher          <2e-16
adult_disb:education  no Bachelors or higher -  yes Bachelors or higher                    <2e-16
                                                                                             
adult_disb:education  no High School or less -  yes High School or less                   ***
adult_disb:education  no High School or less -  no Some college, diploma, assoc           ***
adult_disb:education  no High School or less -  yes Some college, diploma, assoc             
adult_disb:education  no High School or less -  no Bachelors or higher                    ***
adult_disb:education  no High School or less -  yes Bachelors or higher                   ***
adult_disb:education  yes High School or less -  no Some college, diploma, assoc          ***
adult_disb:education  yes High School or less -  yes Some college, diploma, assoc         ***
adult_disb:education  yes High School or less -  no Bachelors or higher                   ***
adult_disb:education  yes High School or less -  yes Bachelors or higher                  ***
adult_disb:education  no Some college, diploma, assoc -  yes Some college, diploma, assoc ***
adult_disb:education  no Some college, diploma, assoc -  no Bachelors or higher           ***
adult_disb:education  no Some college, diploma, assoc -  yes Bachelors or higher          ***
adult_disb:education  yes Some college, diploma, assoc -  no Bachelors or higher          ***
adult_disb:education  yes Some college, diploma, assoc -  yes Bachelors or higher         ***
adult_disb:education  no Bachelors or higher -  yes Bachelors or higher                   ***
---
Signif. codes:  0 ‘***’ 0.001 ‘**’ 0.01 ‘*’ 0.05 ‘.’ 0.1 ‘ ’ 1
Differences of LSMEANS:
                                                                                          Estimate
adult_disb:education  no High School or less -  yes High School or less                        0.0
adult_disb:education  no High School or less -  no Some college, diploma, assoc                0.1
adult_disb:education  no High School or less -  yes Some college, diploma, assoc               0.0
adult_disb:education  no High School or less -  no Bachelors or higher                         0.0
adult_disb:education  no High School or less -  yes Bachelors or higher                       -0.1
adult_disb:education  yes High School or less -  no Some college, diploma, assoc               0.1
adult_disb:education  yes High School or less -  yes Some college, diploma, assoc              0.0
adult_disb:education  yes High School or less -  no Bachelors or higher                        0.0
adult_disb:education  yes High School or less -  yes Bachelors or higher                      -0.1
adult_disb:education  no Some college, diploma, assoc -  yes Some college, diploma, assoc     -0.1
adult_disb:education  no Some college, diploma, assoc -  no Bachelors or higher               -0.1
adult_disb:education  no Some college, diploma, assoc -  yes Bachelors or higher              -0.2
adult_disb:education  yes Some college, diploma, assoc -  no Bachelors or higher               0.0
adult_disb:education  yes Some college, diploma, assoc -  yes Bachelors or higher              0.0
adult_disb:education  no Bachelors or higher -  yes Bachelors or higher                       -0.1
                                                                                          Standard Error
adult_disb:education  no High School or less -  yes High School or less                         5.06e-02
adult_disb:education  no High School or less -  no Some college, diploma, assoc                 2.64e-02
adult_disb:education  no High School or less -  yes Some college, diploma, assoc                5.21e-02
adult_disb:education  no High School or less -  no Bachelors or higher                          3.02e-02
adult_disb:education  no High School or less -  yes Bachelors or higher                         6.25e-02
adult_disb:education  yes High School or less -  no Some college, diploma, assoc                5.07e-02
adult_disb:education  yes High School or less -  yes Some college, diploma, assoc               4.53e-02
adult_disb:education  yes High School or less -  no Bachelors or higher                         5.17e-02
adult_disb:education  yes High School or less -  yes Bachelors or higher                        5.84e-02
adult_disb:education  no Some college, diploma, assoc -  yes Some college, diploma, assoc       5.22e-02
adult_disb:education  no Some college, diploma, assoc -  no Bachelors or higher                 2.77e-02
adult_disb:education  no Some college, diploma, assoc -  yes Bachelors or higher                6.26e-02
adult_disb:education  yes Some college, diploma, assoc -  no Bachelors or higher                5.32e-02
adult_disb:education  yes Some college, diploma, assoc -  yes Bachelors or higher               5.62e-02
adult_disb:education  no Bachelors or higher -  yes Bachelors or higher                         6.34e-02
                                                                                                DF
adult_disb:education  no High School or less -  yes High School or less                    52792.2
adult_disb:education  no High School or less -  no Some college, diploma, assoc           124588.8
adult_disb:education  no High School or less -  yes Some college, diploma, assoc           57848.5
adult_disb:education  no High School or less -  no Bachelors or higher                     84497.5
adult_disb:education  no High School or less -  yes Bachelors or higher                    65466.0
adult_disb:education  yes High School or less -  no Some college, diploma, assoc           54384.0
adult_disb:education  yes High School or less -  yes Some college, diploma, assoc         116386.2
adult_disb:education  yes High School or less -  no Bachelors or higher                    53756.9
adult_disb:education  yes High School or less -  yes Bachelors or higher                   95083.4
adult_disb:education  no Some college, diploma, assoc -  yes Some college, diploma, assoc  59562.0
adult_disb:education  no Some college, diploma, assoc -  no Bachelors or higher           110067.1
adult_disb:education  no Some college, diploma, assoc -  yes Bachelors or higher           66847.3
adult_disb:education  yes Some college, diploma, assoc -  no Bachelors or higher           58670.3
adult_disb:education  yes Some college, diploma, assoc -  yes Bachelors or higher         110786.9
adult_disb:education  no Bachelors or higher -  yes Bachelors or higher                    65876.2
                                                                                          t-value
adult_disb:education  no High School or less -  yes High School or less                     -0.48
adult_disb:education  no High School or less -  no Some college, diploma, assoc              2.46
adult_disb:education  no High School or less -  yes Some college, diploma, assoc            -0.93
adult_disb:education  no High School or less -  no Bachelors or higher                      -1.30
adult_disb:education  no High School or less -  yes Bachelors or higher                     -1.58
adult_disb:education  yes High School or less -  no Some college, diploma, assoc             1.76
adult_disb:education  yes High School or less -  yes Some college, diploma, assoc           -0.53
adult_disb:education  yes High School or less -  no Bachelors or higher                     -0.29
adult_disb:education  yes High School or less -  yes Bachelors or higher                    -1.27
adult_disb:education  no Some college, diploma, assoc -  yes Some college, diploma, assoc   -2.17
adult_disb:education  no Some college, diploma, assoc -  no Bachelors or higher             -3.76
adult_disb:education  no Some college, diploma, assoc -  yes Bachelors or higher            -2.61
adult_disb:education  yes Some college, diploma, assoc -  no Bachelors or higher             0.18
adult_disb:education  yes Some college, diploma, assoc -  yes Bachelors or higher           -0.89
adult_disb:education  no Bachelors or higher -  yes Bachelors or higher                     -0.94
                                                                                          Lower CI
adult_disb:education  no High School or less -  yes High School or less                    -0.1235
adult_disb:education  no High School or less -  no Some college, diploma, assoc             0.0131
adult_disb:education  no High School or less -  yes Some college, diploma, assoc           -0.1506
adult_disb:education  no High School or less -  no Bachelors or higher                     -0.0983
adult_disb:education  no High School or less -  yes Bachelors or higher                    -0.2210
adult_disb:education  yes High School or less -  no Some college, diploma, assoc           -0.0101
adult_disb:education  yes High School or less -  yes Some college, diploma, assoc          -0.1130
adult_disb:education  yes High School or less -  no Bachelors or higher                    -0.1162
adult_disb:education  yes High School or less -  yes Bachelors or higher                   -0.1886
adult_disb:education  no Some college, diploma, assoc -  yes Some college, diploma, assoc  -0.2156
adult_disb:education  no Some college, diploma, assoc -  no Bachelors or higher            -0.1583
adult_disb:education  no Some college, diploma, assoc -  yes Bachelors or higher           -0.2860
adult_disb:education  yes Some college, diploma, assoc -  no Bachelors or higher           -0.0949
adult_disb:education  yes Some college, diploma, assoc -  yes Bachelors or higher          -0.1603
adult_disb:education  no Bachelors or higher -  yes Bachelors or higher                    -0.1836
                                                                                          Upper CI
adult_disb:education  no High School or less -  yes High School or less                     0.0749
adult_disb:education  no High School or less -  no Some college, diploma, assoc             0.1167
adult_disb:education  no High School or less -  yes Some college, diploma, assoc            0.0537
adult_disb:education  no High School or less -  no Bachelors or higher                      0.0201
adult_disb:education  no High School or less -  yes Bachelors or higher                     0.0241
adult_disb:education  yes High School or less -  no Some college, diploma, assoc            0.1885
adult_disb:education  yes High School or less -  yes Some college, diploma, assoc           0.0647
adult_disb:education  yes High School or less -  no Bachelors or higher                     0.0866
adult_disb:education  yes High School or less -  yes Bachelors or higher                    0.0403
adult_disb:education  no Some college, diploma, assoc -  yes Some college, diploma, assoc  -0.0111
adult_disb:education  no Some college, diploma, assoc -  no Bachelors or higher            -0.0498
adult_disb:education  no Some college, diploma, assoc -  yes Bachelors or higher           -0.0408
adult_disb:education  yes Some college, diploma, assoc -  no Bachelors or higher            0.1135
adult_disb:education  yes Some college, diploma, assoc -  yes Bachelors or higher           0.0602
adult_disb:education  no Bachelors or higher -  yes Bachelors or higher                     0.0650
                                                                                          p-value
adult_disb:education  no High School or less -  yes High School or less                     0.631
adult_disb:education  no High School or less -  no Some college, diploma, assoc             0.014
adult_disb:education  no High School or less -  yes Some college, diploma, assoc            0.352
adult_disb:education  no High School or less -  no Bachelors or higher                      0.195
adult_disb:education  no High School or less -  yes Bachelors or higher                     0.115
adult_disb:education  yes High School or less -  no Some college, diploma, assoc            0.078
adult_disb:education  yes High School or less -  yes Some college, diploma, assoc           0.594
adult_disb:education  yes High School or less -  no Bachelors or higher                     0.774
adult_disb:education  yes High School or less -  yes Bachelors or higher                    0.204
adult_disb:education  no Some college, diploma, assoc -  yes Some college, diploma, assoc   0.030
adult_disb:education  no Some college, diploma, assoc -  no Bachelors or higher             2e-04
adult_disb:education  no Some college, diploma, assoc -  yes Bachelors or higher            0.009
adult_disb:education  yes Some college, diploma, assoc -  no Bachelors or higher            0.861
adult_disb:education  yes Some college, diploma, assoc -  yes Bachelors or higher           0.374
adult_disb:education  no Bachelors or higher -  yes Bachelors or higher                     0.349
                                                                                             
adult_disb:education  no High School or less -  yes High School or less                      
adult_disb:education  no High School or less -  no Some college, diploma, assoc           *  
adult_disb:education  no High School or less -  yes Some college, diploma, assoc             
adult_disb:education  no High School or less -  no Bachelors or higher                       
adult_disb:education  no High School or less -  yes Bachelors or higher                      
adult_disb:education  yes High School or less -  no Some college, diploma, assoc          .  
adult_disb:education  yes High School or less -  yes Some college, diploma, assoc            
adult_disb:education  yes High School or less -  no Bachelors or higher                      
adult_disb:education  yes High School or less -  yes Bachelors or higher                     
adult_disb:education  no Some college, diploma, assoc -  yes Some college, diploma, assoc *  
adult_disb:education  no Some college, diploma, assoc -  no Bachelors or higher           ***
adult_disb:education  no Some college, diploma, assoc -  yes Bachelors or higher          ** 
adult_disb:education  yes Some college, diploma, assoc -  no Bachelors or higher             
adult_disb:education  yes Some college, diploma, assoc -  yes Bachelors or higher            
adult_disb:education  no Bachelors or higher -  yes Bachelors or higher                      
---
Signif. codes:  0 ‘***’ 0.001 ‘**’ 0.01 ‘*’ 0.05 ‘.’ 0.1 ‘ ’ 1
[1] "#############################################################"
> 
> # dev.off()
> 
> time4 <- Sys.time()
> print( time4 - time3 )
Time difference of 1.974198 hours
> 
> #######################################################################
> ## Post hoc tests for disability only
> #######################################################################
> print( "#############################################################" )
[1] "#############################################################"
> print( "Post hoc tests for disability only" )
[1] "Post hoc tests for disability only"
> print( "#############################################################" )
[1] "#############################################################"
> 
> postHocFactors <- c( 'race_origin', 'education', 'gender:ms', 'ms:race_origin', 
+                      'gender:race_origin' )
> 
> for( Factor in postHocFactors ){
+   print( "#############################################################" )  
+   print( Factor )
+   print( "#############################################################" )
+ 
+   postHocNoBaseline <- lmerTest::difflsmeans(
+     model = modelFPL100NoBaselineDisab, 
+     test.effs = Factor
+   )
+   
+   plotPostHocNoBaseline <- try( plotLSMeans(
+     response = postHocNoBaseline$response,
+     table = postHocNoBaseline$diffs.lsmeans.table, 
+     which.plot = 'DIFF of LSMEANS', 
+     mult = TRUE
+   ) )
+   
+   CAPTION <- paste( 'Post-hoc Tukey test of', Factor )
+   columnsToMerge <- c( 'Factor Levels', 'Estimate', 'Standard Error', 't-value', 'p-value' )  
+   postHocNoBaselineDF <- formatPostHocTables( postHocTable = postHocNoBaseline )
+   try( print( xtable( postHocNoBaselineDF[, columnsToMerge], digits = c( 0, 0, 2, 2, 2, 4 ), 
+                       caption = CAPTION ), include.rownames = FALSE ), )
+   
+   try( print( postHocNoBaseline ) )
+   
+   print( "#############################################################" )
+ 
+   try( rm( postHocNoBaseline, plotPostHocNoBaseline ) )
+ }
[1] "#############################################################"
[1] "race_origin"
[1] "#############################################################"
% latex table generated in R 3.3.1 by xtable 1.8-2 package
% Wed Mar  8 13:32:09 2017
\begin{table}[ht]
\centering
\begin{tabular}{lrrrr}
  \hline
Factor Levels & Estimate & Standard Error & t-value & p-value \\ 
  \hline
 Black - White & 0.14 & 0.07 & 2.09 & 0.0366 \\ 
   Black - Others & 0.17 & 0.10 & 1.74 & 0.0825 \\ 
   Hispanic - White & 0.11 & 0.07 & 1.56 & 0.1199 \\ 
   Hispanic - Others & 0.14 & 0.10 & 1.38 & 0.1681 \\ 
   Others - White & -0.03 & 0.08 & -0.36 & 0.7214 \\ 
   Black - Hispanic & 0.03 & 0.09 & 0.32 & 0.7471 \\ 
   \hline
\end{tabular}
\caption{Post-hoc Tukey test of race_origin} 
\end{table}
Differences of LSMEANS:
                              Estimate Standard Error      DF t-value Lower CI
race_origin Black - Hispanic       0.0       8.95e-02 13095.1    0.32  -0.1465
race_origin Black - Others         0.2       9.58e-02 14736.2    1.74  -0.0214
race_origin Black - White          0.1       6.60e-02 12003.9    2.09   0.0086
race_origin Hispanic - Others      0.1       9.98e-02 15561.1    1.38  -0.0581
race_origin Hispanic - White       0.1       7.01e-02 15197.8    1.56  -0.0284
race_origin Others - White         0.0       8.00e-02 15182.1   -0.36  -0.1854
                              Upper CI p-value  
race_origin Black - Hispanic     0.204    0.75  
race_origin Black - Others       0.354    0.08 .
race_origin Black - White        0.267    0.04 *
race_origin Hispanic - Others    0.333    0.17  
race_origin Hispanic - White     0.246    0.12  
race_origin Others - White       0.128    0.72  
---
Signif. codes:  0 ‘***’ 0.001 ‘**’ 0.01 ‘*’ 0.05 ‘.’ 0.1 ‘ ’ 1
[1] "#############################################################"
[1] "#############################################################"
[1] "education"
[1] "#############################################################"
% latex table generated in R 3.3.1 by xtable 1.8-2 package
% Wed Mar  8 13:32:32 2017
\begin{table}[ht]
\centering
\begin{tabular}{lrrrr}
  \hline
Factor Levels & Estimate & Standard Error & t-value & p-value \\ 
  \hline
 High School or less - Bachelors or higher & -0.07 & 0.05 & -1.48 & 0.1395 \\ 
   Some college, diploma, assoc - Bachelors or higher & -0.05 & 0.05 & -1.08 & 0.2819 \\ 
   High School or less - Some college, diploma, assoc & -0.02 & 0.04 & -0.57 & 0.5690 \\ 
   \hline
\end{tabular}
\caption{Post-hoc Tukey test of education} 
\end{table}
Differences of LSMEANS:
                                                             Estimate
education High School or less - Some college, diploma, assoc      0.0
education High School or less - Bachelors or higher              -0.1
education Some college, diploma, assoc - Bachelors or higher     -0.1
                                                             Standard Error
education High School or less - Some college, diploma, assoc       3.94e-02
education High School or less - Bachelors or higher                5.07e-02
education Some college, diploma, assoc - Bachelors or higher       4.88e-02
                                                                  DF t-value
education High School or less - Some college, diploma, assoc 27432.5   -0.57
education High School or less - Bachelors or higher          22434.6   -1.48
education Some college, diploma, assoc - Bachelors or higher 26171.9   -1.08
                                                             Lower CI Upper CI
education High School or less - Some college, diploma, assoc  -0.0996   0.0548
education High School or less - Bachelors or higher           -0.1745   0.0245
education Some college, diploma, assoc - Bachelors or higher  -0.1483   0.0432
                                                             p-value
education High School or less - Some college, diploma, assoc     0.6
education High School or less - Bachelors or higher              0.1
education Some college, diploma, assoc - Bachelors or higher     0.3
[1] "#############################################################"
[1] "#############################################################"
[1] "gender:ms"
[1] "#############################################################"
% latex table generated in R 3.3.1 by xtable 1.8-2 package
% Wed Mar  8 13:33:07 2017
\begin{table}[ht]
\centering
\begin{tabular}{lrrrr}
  \hline
Factor Levels & Estimate & Standard Error & t-value & p-value \\ 
  \hline
  Male Married -  Female Not married & 0.29 & 0.06 & 4.92 & 0.0000 \\ 
    Female Married -  Female Not married & 0.31 & 0.05 & 6.69 & 0.0000 \\ 
    Male Not married -  Female Not married & 0.22 & 0.06 & 3.93 & 0.0001 \\ 
    Male Married -  Male Not married & 0.07 & 0.05 & 1.44 & 0.1509 \\ 
    Female Married -  Male Not married & 0.09 & 0.06 & 1.40 & 0.1629 \\ 
    Male Married -  Female Married & -0.02 & 0.06 & -0.35 & 0.7251 \\ 
   \hline
\end{tabular}
\caption{Post-hoc Tukey test of gender:ms} 
\end{table}
Differences of LSMEANS:
                                                  Estimate Standard Error
gender:ms  Male Married -  Female Married              0.0       5.58e-02
gender:ms  Male Married -  Male Not married            0.1       4.85e-02
gender:ms  Male Married -  Female Not married          0.3       5.82e-02
gender:ms  Female Married -  Male Not married          0.1       6.40e-02
gender:ms  Female Married -  Female Not married        0.3       4.58e-02
gender:ms  Male Not married -  Female Not married      0.2       5.51e-02
                                                       DF t-value Lower CI
gender:ms  Male Married -  Female Married         36755.0   -0.35  -0.1289
gender:ms  Male Married -  Male Not married       76540.4    1.44  -0.0254
gender:ms  Male Married -  Female Not married     36334.9    4.92   0.1722
gender:ms  Female Married -  Male Not married     54556.9    1.40  -0.0361
gender:ms  Female Married -  Female Not married   64088.0    6.69   0.2163
gender:ms  Male Not married -  Female Not married 43686.3    3.93   0.1087
                                                  Upper CI p-value    
gender:ms  Male Married -  Female Married           0.0897     0.7    
gender:ms  Male Married -  Male Not married         0.1648     0.2    
gender:ms  Male Married -  Female Not married       0.4005  <2e-16 ***
gender:ms  Female Married -  Male Not married       0.2147     0.2    
gender:ms  Female Married -  Female Not married     0.3956  <2e-16 ***
gender:ms  Male Not married -  Female Not married   0.3246   1e-04 ***
---
Signif. codes:  0 ‘***’ 0.001 ‘**’ 0.01 ‘*’ 0.05 ‘.’ 0.1 ‘ ’ 1
[1] "#############################################################"
[1] "#############################################################"
[1] "ms:race_origin"
[1] "#############################################################"
% latex table generated in R 3.3.1 by xtable 1.8-2 package
% Wed Mar  8 13:35:12 2017
\begin{table}[ht]
\centering
\begin{tabular}{lrrrr}
  \hline
Factor Levels & Estimate & Standard Error & t-value & p-value \\ 
  \hline
  Married Black -  Not married Black & 0.37 & 0.07 & 5.04 & 0.0000 \\ 
    Married Black -  Not married White & 0.49 & 0.08 & 5.94 & 0.0000 \\ 
    Married White -  Not married White & 0.34 & 0.03 & 10.06 & 0.0000 \\ 
    Not married Hispanic -  Not married White & 0.31 & 0.08 & 3.74 & 0.0002 \\ 
    Married Black -  Not married Others & 0.40 & 0.12 & 3.34 & 0.0008 \\ 
    Married Hispanic -  Not married White & 0.25 & 0.08 & 3.16 & 0.0016 \\ 
    Not married Black -  Married White & -0.22 & 0.07 & -3.06 & 0.0022 \\ 
    Married Black -  Married Others & 0.30 & 0.12 & 2.58 & 0.0100 \\ 
    Not married Others -  Married White & -0.25 & 0.10 & -2.53 & 0.0113 \\ 
    Married Black -  Married Hispanic & 0.25 & 0.11 & 2.34 & 0.0190 \\ 
    Married Others -  Not married White & 0.20 & 0.10 & 2.05 & 0.0401 \\ 
    Not married Black -  Not married Hispanic & -0.19 & 0.10 & -1.88 & 0.0603 \\ 
    Married Black -  Married White & 0.15 & 0.08 & 1.85 & 0.0643 \\ 
    Not married Hispanic -  Not married Others & 0.22 & 0.12 & 1.84 & 0.0662 \\ 
    Not married Black -  Not married White & 0.12 & 0.07 & 1.72 & 0.0863 \\ 
    Married Black -  Not married Hispanic & 0.18 & 0.11 & 1.66 & 0.0975 \\ 
    Married Others -  Married White & -0.15 & 0.09 & -1.56 & 0.1186 \\ 
    Married Hispanic -  Not married Others & 0.16 & 0.12 & 1.32 & 0.1855 \\ 
    Not married Black -  Married Hispanic & -0.12 & 0.10 & -1.27 & 0.2028 \\ 
    Married Hispanic -  Married White & -0.09 & 0.08 & -1.23 & 0.2184 \\ 
    Married Others -  Not married Others & 0.11 & 0.10 & 1.00 & 0.3162 \\ 
    Not married Hispanic -  Married Others & 0.12 & 0.12 & 1.00 & 0.3182 \\ 
    Married Hispanic -  Not married Hispanic & -0.07 & 0.07 & -0.92 & 0.3560 \\ 
    Not married Others -  Not married White & 0.09 & 0.10 & 0.90 & 0.3678 \\ 
    Not married Black -  Married Others & -0.07 & 0.11 & -0.65 & 0.5154 \\ 
    Married Hispanic -  Married Others & 0.05 & 0.11 & 0.45 & 0.6497 \\ 
    Not married Hispanic -  Married White & -0.03 & 0.08 & -0.35 & 0.7267 \\ 
    Not married Black -  Not married Others & 0.03 & 0.11 & 0.30 & 0.7670 \\ 
   \hline
\end{tabular}
\caption{Post-hoc Tukey test of ms:race_origin} 
\end{table}
Differences of LSMEANS:
                                                           Estimate
ms:race_origin  Married Black -  Not married Black              0.4
ms:race_origin  Married Black -  Married Hispanic               0.2
ms:race_origin  Married Black -  Not married Hispanic           0.2
ms:race_origin  Married Black -  Married Others                 0.3
ms:race_origin  Married Black -  Not married Others             0.4
ms:race_origin  Married Black -  Married White                  0.2
ms:race_origin  Married Black -  Not married White              0.5
ms:race_origin  Not married Black -  Married Hispanic          -0.1
ms:race_origin  Not married Black -  Not married Hispanic      -0.2
ms:race_origin  Not married Black -  Married Others            -0.1
ms:race_origin  Not married Black -  Not married Others         0.0
ms:race_origin  Not married Black -  Married White             -0.2
ms:race_origin  Not married Black -  Not married White          0.1
ms:race_origin  Married Hispanic -  Not married Hispanic       -0.1
ms:race_origin  Married Hispanic -  Married Others              0.1
ms:race_origin  Married Hispanic -  Not married Others          0.2
ms:race_origin  Married Hispanic -  Married White              -0.1
ms:race_origin  Married Hispanic -  Not married White           0.2
ms:race_origin  Not married Hispanic -  Married Others          0.1
ms:race_origin  Not married Hispanic -  Not married Others      0.2
ms:race_origin  Not married Hispanic -  Married White           0.0
ms:race_origin  Not married Hispanic -  Not married White       0.3
ms:race_origin  Married Others -  Not married Others            0.1
ms:race_origin  Married Others -  Married White                -0.1
ms:race_origin  Married Others -  Not married White             0.2
ms:race_origin  Not married Others -  Married White            -0.3
ms:race_origin  Not married Others -  Not married White         0.1
ms:race_origin  Married White -  Not married White              0.3
                                                           Standard Error
ms:race_origin  Married Black -  Not married Black               7.35e-02
ms:race_origin  Married Black -  Married Hispanic                1.05e-01
ms:race_origin  Married Black -  Not married Hispanic            1.09e-01
ms:race_origin  Married Black -  Married Others                  1.16e-01
ms:race_origin  Married Black -  Not married Others              1.21e-01
ms:race_origin  Married Black -  Married White                   8.21e-02
ms:race_origin  Married Black -  Not married White               8.31e-02
ms:race_origin  Not married Black -  Married Hispanic            9.68e-02
ms:race_origin  Not married Black -  Not married Hispanic        1.01e-01
ms:race_origin  Not married Black -  Married Others              1.10e-01
ms:race_origin  Not married Black -  Not married Others          1.14e-01
ms:race_origin  Not married Black -  Married White               7.14e-02
ms:race_origin  Not married Black -  Not married White           7.22e-02
ms:race_origin  Married Hispanic -  Not married Hispanic         7.15e-02
ms:race_origin  Married Hispanic -  Married Others               1.15e-01
ms:race_origin  Married Hispanic -  Not married Others           1.19e-01
ms:race_origin  Married Hispanic -  Married White                7.71e-02
ms:race_origin  Married Hispanic -  Not married White            7.82e-02
ms:race_origin  Not married Hispanic -  Married Others           1.18e-01
ms:race_origin  Not married Hispanic -  Not married Others       1.21e-01
ms:race_origin  Not married Hispanic -  Married White            8.29e-02
ms:race_origin  Not married Hispanic -  Not married White        8.36e-02
ms:race_origin  Married Others -  Not married Others             1.05e-01
ms:race_origin  Married Others -  Married White                  9.42e-02
ms:race_origin  Married Others -  Not married White              9.50e-02
ms:race_origin  Not married Others -  Married White              9.95e-02
ms:race_origin  Not married Others -  Not married White          9.98e-02
ms:race_origin  Married White -  Not married White               3.40e-02
                                                                 DF t-value
ms:race_origin  Married Black -  Not married Black          70838.6    5.04
ms:race_origin  Married Black -  Married Hispanic           19622.2    2.34
ms:race_origin  Married Black -  Not married Hispanic       21155.3    1.66
ms:race_origin  Married Black -  Married Others             20526.8    2.58
ms:race_origin  Married Black -  Not married Others         26234.6    3.34
ms:race_origin  Married Black -  Married White              19897.7    1.85
ms:race_origin  Married Black -  Not married White          20334.8    5.94
ms:race_origin  Not married Black -  Married Hispanic       16364.1   -1.27
ms:race_origin  Not married Black -  Not married Hispanic   17856.8   -1.88
ms:race_origin  Not married Black -  Married Others         17563.6   -0.65
ms:race_origin  Not married Black -  Not married Others     23037.2    0.30
ms:race_origin  Not married Black -  Married White          14590.7   -3.06
ms:race_origin  Not married Black -  Not married White      14920.1    1.72
ms:race_origin  Married Hispanic -  Not married Hispanic   100746.4   -0.92
ms:race_origin  Married Hispanic -  Married Others          19147.1    0.45
ms:race_origin  Married Hispanic -  Not married Others      25254.9    1.32
ms:race_origin  Married Hispanic -  Married White           20385.2   -1.23
ms:race_origin  Married Hispanic -  Not married White       20529.6    3.16
ms:race_origin  Not married Hispanic -  Married Others      20435.7    1.00
ms:race_origin  Not married Hispanic -  Not married Others  26502.4    1.84
ms:race_origin  Not married Hispanic -  Married White       22708.9   -0.35
ms:race_origin  Not married Hispanic -  Not married White   22699.3    3.74
ms:race_origin  Married Others -  Not married Others        65749.2    1.00
ms:race_origin  Married Others -  Married White             18235.8   -1.56
ms:race_origin  Married Others -  Not married White         18606.0    2.05
ms:race_origin  Not married Others -  Married White         27136.7   -2.53
ms:race_origin  Not married Others -  Not married White     27515.6    0.90
ms:race_origin  Married White -  Not married White          63548.2   10.06
                                                           Lower CI Upper CI
ms:race_origin  Married Black -  Not married Black           0.2261   0.5143
ms:race_origin  Married Black -  Married Hispanic            0.0405   0.4534
ms:race_origin  Married Black -  Not married Hispanic       -0.0331   0.3951
ms:race_origin  Married Black -  Married Others              0.0716   0.5264
ms:race_origin  Married Black -  Not married Others          0.1669   0.6412
ms:race_origin  Married Black -  Married White              -0.0090   0.3130
ms:race_origin  Married Black -  Not married White           0.3311   0.6569
ms:race_origin  Not married Black -  Married Hispanic       -0.3130   0.0664
ms:race_origin  Not married Black -  Not married Hispanic   -0.3867   0.0082
ms:race_origin  Not married Black -  Married Others         -0.2858   0.1434
ms:race_origin  Not married Black -  Not married Others     -0.1901   0.2578
ms:race_origin  Not married Black -  Married White          -0.3582  -0.0783
ms:race_origin  Not married Black -  Not married White      -0.0176   0.2652
ms:race_origin  Married Hispanic -  Not married Hispanic    -0.2060   0.0741
ms:race_origin  Married Hispanic -  Married Others          -0.1726   0.2767
ms:race_origin  Married Hispanic -  Not married Others      -0.0755   0.3897
ms:race_origin  Married Hispanic -  Married White           -0.2461   0.0562
ms:race_origin  Married Hispanic -  Not married White        0.0938   0.4003
ms:race_origin  Not married Hispanic -  Married Others      -0.1137   0.3498
ms:race_origin  Not married Hispanic -  Not married Others  -0.0149   0.4611
ms:race_origin  Not married Hispanic -  Married White       -0.1915   0.1335
ms:race_origin  Not married Hispanic -  Not married White    0.1492   0.4769
ms:race_origin  Married Others -  Not married Others        -0.1004   0.3105
ms:race_origin  Married Others -  Married White             -0.3317   0.0376
ms:race_origin  Married Others -  Not married White          0.0088   0.3812
ms:race_origin  Not married Others -  Married White         -0.4471  -0.0571
ms:race_origin  Not married Others -  Not married White     -0.1058   0.2856
ms:race_origin  Married White -  Not married White           0.2754   0.4086
                                                           p-value    
ms:race_origin  Married Black -  Not married Black          <2e-16 ***
ms:race_origin  Married Black -  Married Hispanic            0.019 *  
ms:race_origin  Married Black -  Not married Hispanic        0.098 .  
ms:race_origin  Married Black -  Married Others              0.010 ** 
ms:race_origin  Married Black -  Not married Others          8e-04 ***
ms:race_origin  Married Black -  Married White               0.064 .  
ms:race_origin  Married Black -  Not married White          <2e-16 ***
ms:race_origin  Not married Black -  Married Hispanic        0.203    
ms:race_origin  Not married Black -  Not married Hispanic    0.060 .  
ms:race_origin  Not married Black -  Married Others          0.515    
ms:race_origin  Not married Black -  Not married Others      0.767    
ms:race_origin  Not married Black -  Married White           0.002 ** 
ms:race_origin  Not married Black -  Not married White       0.086 .  
ms:race_origin  Married Hispanic -  Not married Hispanic     0.356    
ms:race_origin  Married Hispanic -  Married Others           0.650    
ms:race_origin  Married Hispanic -  Not married Others       0.185    
ms:race_origin  Married Hispanic -  Married White            0.218    
ms:race_origin  Married Hispanic -  Not married White        0.002 ** 
ms:race_origin  Not married Hispanic -  Married Others       0.318    
ms:race_origin  Not married Hispanic -  Not married Others   0.066 .  
ms:race_origin  Not married Hispanic -  Married White        0.727    
ms:race_origin  Not married Hispanic -  Not married White    2e-04 ***
ms:race_origin  Married Others -  Not married Others         0.316    
ms:race_origin  Married Others -  Married White              0.119    
ms:race_origin  Married Others -  Not married White          0.040 *  
ms:race_origin  Not married Others -  Married White          0.011 *  
ms:race_origin  Not married Others -  Not married White      0.368    
ms:race_origin  Married White -  Not married White          <2e-16 ***
---
Signif. codes:  0 ‘***’ 0.001 ‘**’ 0.01 ‘*’ 0.05 ‘.’ 0.1 ‘ ’ 1
[1] "#############################################################"
[1] "#############################################################"
[1] "gender:race_origin"
[1] "#############################################################"
% latex table generated in R 3.3.1 by xtable 1.8-2 package
% Wed Mar  8 13:37:15 2017
\begin{table}[ht]
\centering
\begin{tabular}{lrrrr}
  \hline
Factor Levels & Estimate & Standard Error & t-value & p-value \\ 
  \hline
  Female Black -  Female White & 0.24 & 0.07 & 3.17 & 0.0015 \\ 
    Male White -  Female White & 0.13 & 0.04 & 3.01 & 0.0026 \\ 
    Female Black -  Female Others & 0.32 & 0.12 & 2.76 & 0.0057 \\ 
    Male Hispanic -  Female White & 0.22 & 0.09 & 2.37 & 0.0180 \\ 
    Male Hispanic -  Female Others & 0.30 & 0.13 & 2.35 & 0.0188 \\ 
    Female Others -  Male White & -0.21 & 0.10 & -2.10 & 0.0359 \\ 
    Male Black -  Female Others & 0.25 & 0.13 & 1.98 & 0.0477 \\ 
    Male Others -  Female Others & 0.24 & 0.12 & 1.92 & 0.0544 \\ 
    Male Black -  Female White & 0.17 & 0.09 & 1.83 & 0.0680 \\ 
    Female Hispanic -  Female Others & 0.21 & 0.12 & 1.71 & 0.0866 \\ 
    Female Hispanic -  Female White & 0.13 & 0.08 & 1.52 & 0.1283 \\ 
    Male Others -  Female White & 0.16 & 0.11 & 1.48 & 0.1384 \\ 
    Female Black -  Male White & 0.11 & 0.08 & 1.42 & 0.1568 \\ 
    Female Black -  Female Hispanic & 0.11 & 0.10 & 1.07 & 0.2845 \\ 
    Male Hispanic -  Male White & 0.09 & 0.09 & 0.98 & 0.3286 \\ 
    Male Hispanic -  Female Hispanic & 0.09 & 0.10 & 0.94 & 0.3494 \\ 
    Female Others -  Female White & -0.08 & 0.10 & -0.82 & 0.4099 \\ 
    Male Black -  Female Black & -0.07 & 0.10 & -0.72 & 0.4742 \\ 
    Female Black -  Male Others & 0.08 & 0.12 & 0.67 & 0.5026 \\ 
    Male Hispanic -  Male Others & 0.06 & 0.13 & 0.49 & 0.6272 \\ 
    Male Black -  Male Hispanic & -0.05 & 0.12 & -0.43 & 0.6694 \\ 
    Male Black -  Male White & 0.04 & 0.09 & 0.41 & 0.6788 \\ 
    Male Black -  Female Hispanic & 0.04 & 0.12 & 0.35 & 0.7233 \\ 
    Male Others -  Male White & 0.03 & 0.11 & 0.25 & 0.8022 \\ 
    Female Hispanic -  Male Others & -0.03 & 0.13 & -0.23 & 0.8175 \\ 
    Female Black -  Male Hispanic & 0.02 & 0.11 & 0.15 & 0.8805 \\ 
    Male Black -  Male Others & 0.01 & 0.13 & 0.09 & 0.9274 \\ 
    Female Hispanic -  Male White & -0.00 & 0.08 & -0.03 & 0.9762 \\ 
   \hline
\end{tabular}
\caption{Post-hoc Tukey test of gender:race_origin} 
\end{table}
Differences of LSMEANS:
                                                     Estimate Standard Error
gender:race_origin  Male Black -  Female Black           -0.1       9.63e-02
gender:race_origin  Male Black -  Male Hispanic          -0.1       1.23e-01
gender:race_origin  Male Black -  Female Hispanic         0.0       1.16e-01
gender:race_origin  Male Black -  Male Others             0.0       1.32e-01
gender:race_origin  Male Black -  Female Others           0.3       1.27e-01
gender:race_origin  Male Black -  Male White              0.0       9.32e-02
gender:race_origin  Male Black -  Female White            0.2       9.22e-02
gender:race_origin  Female Black -  Male Hispanic         0.0       1.10e-01
gender:race_origin  Female Black -  Female Hispanic       0.1       1.03e-01
gender:race_origin  Female Black -  Male Others           0.1       1.21e-01
gender:race_origin  Female Black -  Female Others         0.3       1.16e-01
gender:race_origin  Female Black -  Male White            0.1       7.60e-02
gender:race_origin  Female Black -  Female White          0.2       7.47e-02
gender:race_origin  Male Hispanic -  Female Hispanic      0.1       9.99e-02
gender:race_origin  Male Hispanic -  Male Others          0.1       1.33e-01
gender:race_origin  Male Hispanic -  Female Others        0.3       1.30e-01
gender:race_origin  Male Hispanic -  Male White           0.1       9.31e-02
gender:race_origin  Male Hispanic -  Female White         0.2       9.32e-02
gender:race_origin  Female Hispanic -  Male Others        0.0       1.26e-01
gender:race_origin  Female Hispanic -  Female Others      0.2       1.23e-01
gender:race_origin  Female Hispanic -  Male White         0.0       8.46e-02
gender:race_origin  Female Hispanic -  Female White       0.1       8.36e-02
gender:race_origin  Male Others -  Female Others          0.2       1.25e-01
gender:race_origin  Male Others -  Male White             0.0       1.06e-01
gender:race_origin  Male Others -  Female White           0.2       1.05e-01
gender:race_origin  Female Others -  Male White          -0.2       1.02e-01
gender:race_origin  Female Others -  Female White        -0.1       1.02e-01
gender:race_origin  Male White -  Female White            0.1       4.30e-02
                                                          DF t-value Lower CI
gender:race_origin  Male Black -  Female Black       28608.4   -0.72  -0.2578
gender:race_origin  Male Black -  Male Hispanic      21034.4   -0.43  -0.2927
gender:race_origin  Male Black -  Female Hispanic    18024.0    0.35  -0.1865
gender:race_origin  Male Black -  Male Others        21443.0    0.09  -0.2461
gender:race_origin  Male Black -  Female Others      20595.5    1.98   0.0025
gender:race_origin  Male Black -  Male White         18579.0    0.41  -0.1441
gender:race_origin  Male Black -  Female White       18572.5    1.83  -0.0124
gender:race_origin  Female Black -  Male Hispanic    18148.9    0.15  -0.1997
gender:race_origin  Female Black -  Female Hispanic  14974.6    1.07  -0.0915
gender:race_origin  Female Black -  Male Others      18547.7    0.67  -0.1557
gender:race_origin  Female Black -  Female Others    17658.8    2.76   0.0933
gender:race_origin  Female Black -  Male White       13352.3    1.42  -0.0413
gender:race_origin  Female Black -  Female White     13367.1    3.17   0.0907
gender:race_origin  Male Hispanic -  Female Hispanic 42883.8    0.94  -0.1023
gender:race_origin  Male Hispanic -  Male Others     23196.1    0.49  -0.1954
gender:race_origin  Male Hispanic -  Female Others   21668.0    2.35   0.0504
gender:race_origin  Male Hispanic -  Male White      23916.8    0.98  -0.0915
gender:race_origin  Male Hispanic -  Female White    23274.2    2.37   0.0379
gender:race_origin  Female Hispanic -  Male Others   20780.6   -0.23  -0.2765
gender:race_origin  Female Hispanic -  Female Others 19128.0    1.71  -0.0303
gender:race_origin  Female Hispanic -  Male White    18324.7   -0.03  -0.1683
gender:race_origin  Female Hispanic -  Female White  18130.2    1.52  -0.0367
gender:race_origin  Male Others -  Female Others     34670.0    1.92  -0.0046
gender:race_origin  Male Others -  Male White        21501.1    0.25  -0.1815
gender:race_origin  Male Others -  Female White      21426.3    1.48  -0.0504
gender:race_origin  Female Others -  Male White      19466.8   -2.10  -0.4126
gender:race_origin  Female Others -  Female White    19031.6   -0.82  -0.2827
gender:race_origin  Male White -  Female White       27332.8    3.01   0.0453
                                                     Upper CI p-value   
gender:race_origin  Male Black -  Female Black          0.120   0.474   
gender:race_origin  Male Black -  Male Hispanic         0.188   0.669   
gender:race_origin  Male Black -  Female Hispanic       0.269   0.723   
gender:race_origin  Male Black -  Male Others           0.270   0.927   
gender:race_origin  Male Black -  Female Others         0.501   0.048 * 
gender:race_origin  Male Black -  Male White            0.221   0.679   
gender:race_origin  Male Black -  Female White          0.349   0.068 . 
gender:race_origin  Female Black -  Male Hispanic       0.233   0.880   
gender:race_origin  Female Black -  Female Hispanic     0.312   0.284   
gender:race_origin  Female Black -  Male Others         0.318   0.503   
gender:race_origin  Female Black -  Female Others       0.548   0.006 **
gender:race_origin  Female Black -  Male White          0.256   0.157   
gender:race_origin  Female Black -  Female White        0.384   0.002 **
gender:race_origin  Male Hispanic -  Female Hispanic    0.289   0.349   
gender:race_origin  Male Hispanic -  Male Others        0.324   0.627   
gender:race_origin  Male Hispanic -  Female Others      0.558   0.019 * 
gender:race_origin  Male Hispanic -  Male White         0.274   0.329   
gender:race_origin  Male Hispanic -  Female White       0.403   0.018 * 
gender:race_origin  Female Hispanic -  Male Others      0.218   0.818   
gender:race_origin  Female Hispanic -  Female Others    0.452   0.087 . 
gender:race_origin  Female Hispanic -  Male White       0.163   0.976   
gender:race_origin  Female Hispanic -  Female White     0.291   0.128   
gender:race_origin  Male Others -  Female Others        0.484   0.054 . 
gender:race_origin  Male Others -  Male White           0.235   0.802   
gender:race_origin  Male Others -  Female White         0.363   0.138   
gender:race_origin  Female Others -  Male White        -0.014   0.036 * 
gender:race_origin  Female Others -  Female White       0.115   0.410   
gender:race_origin  Male White -  Female White          0.214   0.003 **
---
Signif. codes:  0 ‘***’ 0.001 ‘**’ 0.01 ‘*’ 0.05 ‘.’ 0.1 ‘ ’ 1
[1] "#############################################################"
> 
> 
> proc.time()
    user   system  elapsed 
9418.039   94.712 9544.479 
